Archive member included because of file (symbol)

../../lib/usb/libusb.a(dwhcidevice.o)
                              kernel.o (CDWHCIDevice::~CDWHCIDevice())
../../lib/usb/libusb.a(dwhciregister.o)
                              ../../lib/usb/libusb.a(dwhcidevice.o) (CDWHCIRegister::CDWHCIRegister(unsigned int))
../../lib/usb/libusb.a(dwhcixferstagedata.o)
                              ../../lib/usb/libusb.a(dwhcidevice.o) (CDWHCITransferStageData::~CDWHCITransferStageData())
../../lib/usb/libusb.a(usbdevice.o)
                              ../../lib/usb/libusb.a(dwhcixferstagedata.o) (CUSBDevice::GetAddress() const)
../../lib/usb/libusb.a(usbendpoint.o)
                              ../../lib/usb/libusb.a(usbdevice.o) (CUSBEndpoint::CUSBEndpoint(CUSBDevice*))
../../lib/usb/libusb.a(usbhostcontroller.o)
                              ../../lib/usb/libusb.a(dwhcidevice.o) (CUSBHostController::~CUSBHostController())
../../lib/usb/libusb.a(usbrequest.o)
                              ../../lib/usb/libusb.a(usbhostcontroller.o) (CUSBRequest::CUSBRequest(CUSBEndpoint*, void*, unsigned int, TSetupData*))
../../lib/usb/libusb.a(usbdevicefactory.o)
                              ../../lib/usb/libusb.a(usbdevice.o) (CUSBDeviceFactory::GetDevice(CUSBFunction*, CString*))
../../lib/usb/libusb.a(usbstandardhub.o)
                              ../../lib/usb/libusb.a(usbdevicefactory.o) (CUSBStandardHub::CUSBStandardHub(CUSBFunction*))
../../lib/usb/libusb.a(usbmassdevice.o)
                              ../../lib/usb/libusb.a(usbdevicefactory.o) (CUSBBulkOnlyMassStorageDevice::CUSBBulkOnlyMassStorageDevice(CUSBFunction*))
../../lib/usb/libusb.a(dwhciframeschednper.o)
                              ../../lib/usb/libusb.a(dwhcixferstagedata.o) (CDWHCIFrameSchedulerNonPeriodic::CDWHCIFrameSchedulerNonPeriodic())
../../lib/usb/libusb.a(dwhciframeschedper.o)
                              ../../lib/usb/libusb.a(dwhcixferstagedata.o) (CDWHCIFrameSchedulerPeriodic::CDWHCIFrameSchedulerPeriodic())
../../lib/usb/libusb.a(usbkeyboard.o)
                              ../../lib/usb/libusb.a(usbdevicefactory.o) (CUSBKeyboardDevice::CUSBKeyboardDevice(CUSBFunction*))
../../lib/usb/libusb.a(dwhcirootport.o)
                              ../../lib/usb/libusb.a(dwhcidevice.o) (CDWHCIRootPort::CDWHCIRootPort(CDWHCIDevice*))
../../lib/usb/libusb.a(usbhiddevice.o)
                              ../../lib/usb/libusb.a(usbkeyboard.o) (CUSBHIDDevice::~CUSBHIDDevice())
../../lib/usb/libusb.a(usbmouse.o)
                              ../../lib/usb/libusb.a(usbdevicefactory.o) (CUSBMouseDevice::CUSBMouseDevice(CUSBFunction*))
../../lib/usb/libusb.a(usbfunction.o)
                              ../../lib/usb/libusb.a(usbstandardhub.o) (CUSBFunction::Initialize())
../../lib/usb/libusb.a(dwhciframeschednsplit.o)
                              ../../lib/usb/libusb.a(dwhcixferstagedata.o) (CDWHCIFrameSchedulerNoSplit::CDWHCIFrameSchedulerNoSplit(int))
../../lib/usb/libusb.a(usbprinter.o)
                              ../../lib/usb/libusb.a(usbdevicefactory.o) (CUSBPrinterDevice::CUSBPrinterDevice(CUSBFunction*))
../../lib/usb/libusb.a(usbconfigparser.o)
                              ../../lib/usb/libusb.a(usbdevice.o) (CUSBConfigurationParser::CUSBConfigurationParser(void const*, unsigned int))
../../lib/usb/libusb.a(smsc951x.o)
                              ../../lib/usb/libusb.a(usbdevicefactory.o) (CSMSC951xDevice::CSMSC951xDevice(CUSBFunction*))
../../lib/usb/libusb.a(macaddress.o)
                              ../../lib/usb/libusb.a(smsc951x.o) (CMACAddress::CMACAddress())
../../lib/usb/libusb.a(netdevice.o)
                              ../../lib/usb/libusb.a(smsc951x.o) (CNetDevice::~CNetDevice())
../../lib/input/libinput.a(keyboardbehaviour.o)
                              ../../lib/usb/libusb.a(usbkeyboard.o) (CKeyboardBehaviour::CKeyboardBehaviour())
../../lib/input/libinput.a(keymap.o)
                              ../../lib/input/libinput.a(keyboardbehaviour.o) (CKeyMap::CKeyMap())
../../lib/fs/fat/libfatfs.a(fatfs.o)
                              kernel.o (CFATFileSystem::CFATFileSystem())
../../lib/fs/fat/libfatfs.a(fatcache.o)
                              ../../lib/fs/fat/libfatfs.a(fatfs.o) (CFATCache::CFATCache())
../../lib/fs/fat/libfatfs.a(fatinfo.o)
                              ../../lib/fs/fat/libfatfs.a(fatfs.o) (CFATInfo::CFATInfo(CFATCache*))
../../lib/fs/fat/libfatfs.a(fat.o)
                              ../../lib/fs/fat/libfatfs.a(fatfs.o) (CFAT::CFAT(CFATCache*, CFATInfo*))
../../lib/fs/fat/libfatfs.a(fatdir.o)
                              ../../lib/fs/fat/libfatfs.a(fatfs.o) (CFATDirectory::CFATDirectory(CFATCache*, CFATInfo*, CFAT*))
../../lib/fs/libfs.a(partitionmanager.o)
                              ../../lib/usb/libusb.a(usbmassdevice.o) (CPartitionManager::CPartitionManager(CDevice*, char const*))
../../lib/fs/libfs.a(partition.o)
[...]
Memory Configuration

Name             Origin             Length             Attributes
*default*        0x0000000000000000 0xffffffffffffffff

Linker script and memory map

                0x0000000000008000                . = 0x8000

.text           0x0000000000008000    0x134b0
 *(.text*)
 .text          0x0000000000008000       0x24 ../../lib/startup.o
                0x0000000000008000                _start
 .text          0x0000000000008024       0x60 main.o
                0x0000000000008024                main
 .text          0x0000000000008084      0x4c0 kernel.o
                0x0000000000008084                CKernel::CKernel()
                0x0000000000008084                CKernel::CKernel()
                0x0000000000008220                CKernel::Initialize()
                0x00000000000082cc                CKernel::~CKernel()
                0x00000000000082cc                CKernel::~CKernel()
                0x0000000000008358                CKernel::Run()
 .text          0x0000000000008544     0x2688 ../../lib/usb/libusb.a(dwhcidevice.o)
                0x0000000000008544                CDWHCIDevice::CompletionRoutine(CUSBRequest*, void*, void*)
                0x00000000000085a0                CDWHCIDevice::~CDWHCIDevice()
                0x00000000000085a0                CDWHCIDevice::~CDWHCIDevice()
                0x00000000000085d8                CDWHCIDevice::~CDWHCIDevice()
                0x00000000000085f4                CDWHCIDevice::CDWHCIDevice(CInterruptSystem*, CTimer*)
                0x00000000000085f4                CDWHCIDevice::CDWHCIDevice(CInterruptSystem*, CTimer*)
                0x00000000000086dc                CDWHCIDevice::GetPortSpeed()
                0x000000000000873c                CDWHCIDevice::OvercurrentDetected()
                0x0000000000008778                CDWHCIDevice::DisableRootPort()
                0x00000000000087bc                CDWHCIDevice::PowerOn()
                0x000000000000882c                CDWHCIDevice::EnableGlobalInterrupts()
                0x0000000000008870                CDWHCIDevice::EnableCommonInterrupts()
                0x00000000000088a8                CDWHCIDevice::EnableHostInterrupts()
                0x0000000000008904                CDWHCIDevice::EnableChannelInterrupt(unsigned int)
                0x0000000000008974                CDWHCIDevice::DisableChannelInterrupt(unsigned int)
                0x00000000000089e4                CDWHCIDevice::StartChannel(CDWHCITransferStageData*)
                0x0000000000008d98                CDWHCIDevice::StartTransaction(CDWHCITransferStageData*)
                0x0000000000008ea4                CDWHCIDevice::TimerHandler(CDWHCITransferStageData*)
                0x0000000000008f68                CDWHCIDevice::TimerStub(unsigned int, void*, void*)
                0x0000000000008fc4                CDWHCIDevice::AllocateChannel()
                0x0000000000009074                CDWHCIDevice::FreeChannel(unsigned int)
                0x0000000000009104                CDWHCIDevice::TransferStageAsync(CUSBRequest*, int, int)
                0x0000000000009284                CDWHCIDevice::SubmitAsyncRequest(CUSBRequest*)
                0x0000000000009350                CDWHCIDevice::ChannelInterruptHandler(unsigned int)
                0x0000000000009984                CDWHCIDevice::InterruptHandler()
                0x0000000000009a7c                CDWHCIDevice::InterruptStub(void*)
                0x0000000000009ab0                CDWHCIDevice::AllocateWaitBlock()
                0x0000000000009b50                CDWHCIDevice::FreeWaitBlock(unsigned int)
                0x0000000000009bd8                CDWHCIDevice::TransferStage(CUSBRequest*, int, int)
                0x0000000000009cc8                CDWHCIDevice::SubmitBlockingRequest(CUSBRequest*)
                0x0000000000009f38                CDWHCIDevice::WaitForBit(CDWHCIRegister*, unsigned int, int, unsigned int)
                0x000000000000a038                CDWHCIDevice::EnableRootPort()
                0x000000000000a10c                CDWHCIDevice::Reset()
                0x000000000000a1b8                CDWHCIDevice::InitCore()
                0x000000000000a414                CDWHCIDevice::FlushTxFIFO(unsigned int)
                0x000000000000a4b0                CDWHCIDevice::FlushRxFIFO()
                0x000000000000a530                CDWHCIDevice::InitHost()
                0x000000000000a734                CDWHCIDevice::Initialize()
                0x000000000000a96c                CDWHCIDevice::DumpRegister(char const*, unsigned int)
                0x000000000000a9d0                CDWHCIDevice::DumpStatus(unsigned int)
 .text          0x000000000000abcc      0x2fc ../../lib/usb/libusb.a(dwhciregister.o)
                0x000000000000abcc                CDWHCIRegister::CDWHCIRegister(unsigned int)
                0x000000000000abcc                CDWHCIRegister::CDWHCIRegister(unsigned int)
                0x000000000000abdc                CDWHCIRegister::CDWHCIRegister(unsigned int, unsigned int)
                0x000000000000abdc                CDWHCIRegister::CDWHCIRegister(unsigned int, unsigned int)
                0x000000000000abf0                CDWHCIRegister::~CDWHCIRegister()
                0x000000000000abf0                CDWHCIRegister::~CDWHCIRegister()
                0x000000000000abfc                CDWHCIRegister::Read()
                0x000000000000ac1c                CDWHCIRegister::Write()
                0x000000000000ac58                CDWHCIRegister::Get() const
                0x000000000000ac8c                CDWHCIRegister::Set(unsigned int)
                0x000000000000ac9c                CDWHCIRegister::IsSet(unsigned int) const
                0x000000000000ace0                CDWHCIRegister::And(unsigned int)
                0x000000000000ad20                CDWHCIRegister::Or(unsigned int)
                0x000000000000ad60                CDWHCIRegister::ClearBit(unsigned int)
                0x000000000000adc0                CDWHCIRegister::SetBit(unsigned int)
                0x000000000000ae20                CDWHCIRegister::ClearAll()
                0x000000000000ae34                CDWHCIRegister::SetAll()
                0x000000000000ae48                CDWHCIRegister::Dump() const
 .text          0x000000000000aec8      0x91c ../../lib/usb/libusb.a(dwhcixferstagedata.o)
                0x000000000000aec8                CDWHCITransferStageData::~CDWHCITransferStageData()
                0x000000000000aec8                CDWHCITransferStageData::~CDWHCITransferStageData()
                0x000000000000af20                CDWHCITransferStageData::TransactionComplete(unsigned int, unsigned int, unsigned int)
                0x000000000000b04c                CDWHCITransferStageData::SetSplitComplete(int)
                0x000000000000b084                CDWHCITransferStageData::SetState(unsigned int)
                0x000000000000b08c                CDWHCITransferStageData::GetState() const
                0x000000000000b094                CDWHCITransferStageData::SetSubState(unsigned int)
                0x000000000000b09c                CDWHCITransferStageData::GetSubState() const
                0x000000000000b0a4                CDWHCITransferStageData::BeginSplitCycle()
                0x000000000000b0ac                CDWHCITransferStageData::GetChannelNumber() const
                0x000000000000b0b4                CDWHCITransferStageData::IsPeriodic() const
                0x000000000000b100                CDWHCITransferStageData::CDWHCITransferStageData(unsigned int, CUSBRequest*, int, int)
                0x000000000000b100                CDWHCITransferStageData::CDWHCITransferStageData(unsigned int, CUSBRequest*, int, int)
                0x000000000000b400                CDWHCITransferStageData::GetDeviceAddress() const
                0x000000000000b438                CDWHCITransferStageData::GetEndpointType() const
                0x000000000000b4bc                CDWHCITransferStageData::GetEndpointNumber() const
                0x000000000000b4f4                CDWHCITransferStageData::GetMaxPacketSize() const
                0x000000000000b4fc                CDWHCITransferStageData::GetSpeed() const
                0x000000000000b504                CDWHCITransferStageData::GetPID() const
                0x000000000000b58c                CDWHCITransferStageData::IsDirectionIn() const
                0x000000000000b594                CDWHCITransferStageData::IsStatusStage() const
                0x000000000000b59c                CDWHCITransferStageData::GetDMAAddress() const
                0x000000000000b5d4                CDWHCITransferStageData::GetBytesToTransfer() const
                0x000000000000b5dc                CDWHCITransferStageData::GetPacketsToTransfer() const
                0x000000000000b5e4                CDWHCITransferStageData::IsSplit() const
                0x000000000000b5ec                CDWHCITransferStageData::IsSplitComplete() const
                0x000000000000b620                CDWHCITransferStageData::GetHubAddress() const
                0x000000000000b680                CDWHCITransferStageData::GetHubPortAddress() const
                0x000000000000b6e0                CDWHCITransferStageData::GetSplitPosition() const
                0x000000000000b714                CDWHCITransferStageData::GetStatusMask() const
                0x000000000000b748                CDWHCITransferStageData::GetTransactionStatus() const
                0x000000000000b780                CDWHCITransferStageData::IsStageComplete() const
                0x000000000000b790                CDWHCITransferStageData::GetResultLen() const
                0x000000000000b7a4                CDWHCITransferStageData::GetURB() const
                0x000000000000b7dc                CDWHCITransferStageData::GetFrameScheduler() const
 .text          0x000000000000b7e4      0xf30 ../../lib/usb/libusb.a(usbdevice.o)
                0x000000000000b7e4                CUSBDevice::~CUSBDevice()
                0x000000000000b7e4                CUSBDevice::~CUSBDevice()
                0x000000000000b8a0                CUSBDevice::~CUSBDevice()
                0x000000000000b8bc                CUSBDevice::CUSBDevice(CUSBHostController*, TUSBSpeed, unsigned char, unsigned char)
                0x000000000000b8bc                CUSBDevice::CUSBDevice(CUSBHostController*, TUSBSpeed, unsigned char, unsigned char)
                0x000000000000b9c0                CUSBDevice::GetName(TDeviceNameSelector) const
                0x000000000000baf8                CUSBDevice::GetNames() const
                0x000000000000bc10                CUSBDevice::SetAddress(unsigned char)
                0x000000000000bc48                CUSBDevice::GetAddress() const
                0x000000000000bc50                CUSBDevice::GetSpeed() const
                0x000000000000bc58                CUSBDevice::GetHubAddress() const
                0x000000000000bc60                CUSBDevice::GetHubPortNumber() const
                0x000000000000bc68                CUSBDevice::GetEndpoint0() const
                0x000000000000bca0                CUSBDevice::GetHost() const
                0x000000000000bcd8                CUSBDevice::GetDeviceDescriptor() const
                0x000000000000bd10                CUSBDevice::GetConfigurationDescriptor() const
                0x000000000000bd48                CUSBDevice::GetDescriptor(unsigned char)
                0x000000000000bd8c                CUSBDevice::ConfigurationError(char const*) const
                0x000000000000bdd0                CUSBDevice::LogWrite(TLogSeverity, char const*, ...)
                0x000000000000be84                CUSBDevice::Initialize()
                0x000000000000c5e4                CUSBDevice::Configure()
 .text          0x000000000000c714      0x430 ../../lib/usb/libusb.a(usbendpoint.o)
                0x000000000000c714                CUSBEndpoint::CUSBEndpoint(CUSBDevice*)
                0x000000000000c714                CUSBEndpoint::CUSBEndpoint(CUSBDevice*)
                0x000000000000c76c                CUSBEndpoint::CUSBEndpoint(CUSBDevice*, TUSBEndpointDescriptor const*)
                0x000000000000c76c                CUSBEndpoint::CUSBEndpoint(CUSBDevice*, TUSBEndpointDescriptor const*)
                0x000000000000c8dc                CUSBEndpoint::CUSBEndpoint(CUSBEndpoint*, CUSBDevice*)
                0x000000000000c8dc                CUSBEndpoint::CUSBEndpoint(CUSBEndpoint*, CUSBDevice*)
                0x000000000000c960                CUSBEndpoint::~CUSBEndpoint()
                0x000000000000c960                CUSBEndpoint::~CUSBEndpoint()
                0x000000000000c96c                CUSBEndpoint::GetDevice() const
                0x000000000000c9a0                CUSBEndpoint::GetNumber() const
                0x000000000000c9a8                CUSBEndpoint::GetType() const
                0x000000000000c9b0                CUSBEndpoint::IsDirectionIn() const
                0x000000000000c9b8                CUSBEndpoint::SetMaxPacketSize(unsigned int)
                0x000000000000c9c0                CUSBEndpoint::GetMaxPacketSize() const
                0x000000000000c9c8                CUSBEndpoint::GetInterval() const
                0x000000000000c9fc                CUSBEndpoint::GetNextPID(int)
                0x000000000000ca44                CUSBEndpoint::SkipPID(unsigned int, int)
                0x000000000000cb0c                CUSBEndpoint::ResetPID()
 .text          0x000000000000cb44      0x24c ../../lib/usb/libusb.a(usbhostcontroller.o)
                0x000000000000cb44                CUSBHostController::~CUSBHostController()
                0x000000000000cb44                CUSBHostController::~CUSBHostController()
                0x000000000000cb54                CUSBHostController::~CUSBHostController()
                0x000000000000cb70                CUSBHostController::CUSBHostController()
                0x000000000000cb70                CUSBHostController::CUSBHostController()
                0x000000000000cb80                CUSBHostController::ControlMessage(CUSBEndpoint*, unsigned char, unsigned char, unsigned short, unsigned short, void*, unsigned short)
                0x000000000000cc5c                CUSBHostController::GetDescriptor(CUSBEndpoint*, unsigned char, unsigned char, void*, unsigned int, unsigned char)
                0x000000000000cc98                CUSBHostController::SetAddress(CUSBEndpoint*, unsigned char)
                0x000000000000cce4                CUSBHostController::SetConfiguration(CUSBEndpoint*, unsigned char)
                0x000000000000cd30                CUSBHostController::Transfer(CUSBEndpoint*, void*, unsigned int)
 .text          0x000000000000cd90      0x238 ../../lib/usb/libusb.a(usbrequest.o)
                0x000000000000cd90                CUSBRequest::CUSBRequest(CUSBEndpoint*, void*, unsigned int, TSetupData*)
                0x000000000000cd90                CUSBRequest::CUSBRequest(CUSBEndpoint*, void*, unsigned int, TSetupData*)
                0x000000000000ce18                CUSBRequest::~CUSBRequest()
                0x000000000000ce18                CUSBRequest::~CUSBRequest()
                0x000000000000ce30                CUSBRequest::GetEndpoint() const
                0x000000000000ce64                CUSBRequest::SetStatus(int)
                0x000000000000ce6c                CUSBRequest::SetResultLen(unsigned int)
                0x000000000000ce74                CUSBRequest::GetStatus() const
                0x000000000000ce7c                CUSBRequest::GetResultLength() const
                0x000000000000ceb0                CUSBRequest::GetSetupData()
                0x000000000000cf08                CUSBRequest::GetBuffer()
                0x000000000000cf48                CUSBRequest::GetBufLen() const
                0x000000000000cf50                CUSBRequest::SetCompletionRoutine(void (*)(CUSBRequest*, void*, void*), void*, void*)
                0x000000000000cf84                CUSBRequest::CallCompletionRoutine()
 .text          0x000000000000cfc8      0x1d4 ../../lib/usb/libusb.a(usbdevicefactory.o)
                0x000000000000cfc8                CUSBDeviceFactory::GetDevice(CUSBFunction*, CString*)
 .text          0x000000000000d19c      0xa7c ../../lib/usb/libusb.a(usbstandardhub.o)
                0x000000000000d19c                CUSBStandardHub::~CUSBStandardHub()
                0x000000000000d19c                CUSBStandardHub::~CUSBStandardHub()
                0x000000000000d22c                CUSBStandardHub::~CUSBStandardHub()
                0x000000000000d248                CUSBStandardHub::CUSBStandardHub(CUSBFunction*)
                0x000000000000d248                CUSBStandardHub::CUSBStandardHub(CUSBFunction*)
                0x000000000000d294                CUSBStandardHub::EnumeratePorts()
                0x000000000000d9cc                CUSBStandardHub::Configure()
 .text          0x000000000000dc18      0xce8 ../../lib/usb/libusb.a(usbmassdevice.o)
                0x000000000000dc18                CUSBBulkOnlyMassStorageDevice::Seek(unsigned long long)
                0x000000000000dc28                CUSBBulkOnlyMassStorageDevice::~CUSBBulkOnlyMassStorageDevice()
                0x000000000000dc28                CUSBBulkOnlyMassStorageDevice::~CUSBBulkOnlyMassStorageDevice()
                0x000000000000dcb8                CUSBBulkOnlyMassStorageDevice::~CUSBBulkOnlyMassStorageDevice()
                0x000000000000dcd4                CUSBBulkOnlyMassStorageDevice::CUSBBulkOnlyMassStorageDevice(CUSBFunction*)
                0x000000000000dcd4                CUSBBulkOnlyMassStorageDevice::CUSBBulkOnlyMassStorageDevice(CUSBFunction*)
                0x000000000000dd18                CUSBBulkOnlyMassStorageDevice::GetCapacity() const
                0x000000000000dd20                CUSBBulkOnlyMassStorageDevice::Command(void*, unsigned int, void*, unsigned int, int)
                0x000000000000dfcc                CUSBBulkOnlyMassStorageDevice::TryRead(void*, unsigned int)
                0x000000000000e0ec                CUSBBulkOnlyMassStorageDevice::TryWrite(void const*, unsigned int)
                0x000000000000e210                CUSBBulkOnlyMassStorageDevice::Reset()
                0x000000000000e36c                CUSBBulkOnlyMassStorageDevice::Read(void*, unsigned int)
                0x000000000000e3c8                CUSBBulkOnlyMassStorageDevice::Write(void const*, unsigned int)
                0x000000000000e424                CUSBBulkOnlyMassStorageDevice::Configure()
 .text          0x000000000000e900      0x23c ../../lib/usb/libusb.a(dwhciframeschednper.o)
                0x000000000000e900                CDWHCIFrameSchedulerNonPeriodic::~CDWHCIFrameSchedulerNonPeriodic()
                0x000000000000e900                CDWHCIFrameSchedulerNonPeriodic::~CDWHCIFrameSchedulerNonPeriodic()
                0x000000000000e918                CDWHCIFrameSchedulerNonPeriodic::StartSplit()
                0x000000000000e924                CDWHCIFrameSchedulerNonPeriodic::WaitForFrame()
                0x000000000000e928                CDWHCIFrameSchedulerNonPeriodic::IsOddFrame() const
                0x000000000000e930                CDWHCIFrameSchedulerNonPeriodic::~CDWHCIFrameSchedulerNonPeriodic()
                0x000000000000e94c                CDWHCIFrameSchedulerNonPeriodic::CompleteSplit()
                0x000000000000e9d0                CDWHCIFrameSchedulerNonPeriodic::TransactionComplete(unsigned int)
                0x000000000000eaf0                CDWHCIFrameSchedulerNonPeriodic::CDWHCIFrameSchedulerNonPeriodic()
                0x000000000000eaf0                CDWHCIFrameSchedulerNonPeriodic::CDWHCIFrameSchedulerNonPeriodic()
 .text._ZN20CDWHCIFrameSchedulerD2Ev
                0x000000000000eb3c       0x10 ../../lib/usb/libusb.a(dwhciframeschednper.o)
                0x000000000000eb3c                CDWHCIFrameScheduler::~CDWHCIFrameScheduler()
                0x000000000000eb3c                CDWHCIFrameScheduler::~CDWHCIFrameScheduler()
 .text._ZN20CDWHCIFrameSchedulerD0Ev
                0x000000000000eb4c       0x20 ../../lib/usb/libusb.a(dwhciframeschednper.o)
                0x000000000000eb4c                CDWHCIFrameScheduler::~CDWHCIFrameScheduler()
 .text          0x000000000000eb6c      0x2d0 ../../lib/usb/libusb.a(dwhciframeschedper.o)
                0x000000000000eb6c                CDWHCIFrameSchedulerPeriodic::~CDWHCIFrameSchedulerPeriodic()
                0x000000000000eb6c                CDWHCIFrameSchedulerPeriodic::~CDWHCIFrameSchedulerPeriodic()
                0x000000000000eb8c                CDWHCIFrameSchedulerPeriodic::StartSplit()
                0x000000000000eba0                CDWHCIFrameSchedulerPeriodic::IsOddFrame() const
                0x000000000000ebac                CDWHCIFrameSchedulerPeriodic::~CDWHCIFrameSchedulerPeriodic()
                0x000000000000ebc8                CDWHCIFrameSchedulerPeriodic::CompleteSplit()
                0x000000000000ec64                CDWHCIFrameSchedulerPeriodic::TransactionComplete(unsigned int)
                0x000000000000ed7c                CDWHCIFrameSchedulerPeriodic::WaitForFrame()
                0x000000000000ede8                CDWHCIFrameSchedulerPeriodic::CDWHCIFrameSchedulerPeriodic()
                0x000000000000ede8                CDWHCIFrameSchedulerPeriodic::CDWHCIFrameSchedulerPeriodic()
 .text          0x000000000000ee3c      0x310 ../../lib/usb/libusb.a(usbkeyboard.o)
                0x000000000000ee3c                CUSBKeyboardDevice::~CUSBKeyboardDevice()
                0x000000000000ee3c                CUSBKeyboardDevice::~CUSBKeyboardDevice()
                0x000000000000ee70                CUSBKeyboardDevice::~CUSBKeyboardDevice()
                0x000000000000ee8c                CUSBKeyboardDevice::CUSBKeyboardDevice(CUSBFunction*)
                0x000000000000ee8c                CUSBKeyboardDevice::CUSBKeyboardDevice(CUSBFunction*)
                0x000000000000eecc                CUSBKeyboardDevice::RegisterKeyPressedHandler(void (*)(char const*))
                0x000000000000eedc                CUSBKeyboardDevice::RegisterSelectConsoleHandler(void (*)(unsigned int))
                0x000000000000eeec                CUSBKeyboardDevice::RegisterShutdownHandler(void (*)())
                0x000000000000eefc                CUSBKeyboardDevice::RegisterKeyStatusHandlerRaw(void (*)(unsigned char, unsigned char const*))
                0x000000000000ef2c                CUSBKeyboardDevice::FindByte(unsigned char const*, unsigned char, unsigned int)
                0x000000000000ef58                CUSBKeyboardDevice::ReportHandler(unsigned char const*)
                0x000000000000f0a8                CUSBKeyboardDevice::Configure()
 .text          0x000000000000f14c      0x244 ../../lib/usb/libusb.a(dwhcirootport.o)
                0x000000000000f14c                CDWHCIRootPort::CDWHCIRootPort(CDWHCIDevice*)
                0x000000000000f14c                CDWHCIRootPort::CDWHCIRootPort(CDWHCIDevice*)
                0x000000000000f188                CDWHCIRootPort::~CDWHCIRootPort()
                0x000000000000f188                CDWHCIRootPort::~CDWHCIRootPort()
                0x000000000000f1bc                CDWHCIRootPort::Initialize()
 .text          0x000000000000f390      0x4b8 ../../lib/usb/libusb.a(usbhiddevice.o)
                0x000000000000f390                CUSBHIDDevice::~CUSBHIDDevice()
                0x000000000000f390                CUSBHIDDevice::~CUSBHIDDevice()
                0x000000000000f3f0                CUSBHIDDevice::~CUSBHIDDevice()
                0x000000000000f40c                CUSBHIDDevice::CUSBHIDDevice(CUSBFunction*, unsigned int)
                0x000000000000f40c                CUSBHIDDevice::CUSBHIDDevice(CUSBFunction*, unsigned int)
                0x000000000000f48c                CUSBHIDDevice::StartRequest()
                0x000000000000f598                CUSBHIDDevice::CompletionRoutine(CUSBRequest*)
                0x000000000000f684                CUSBHIDDevice::CompletionStub(CUSBRequest*, void*, void*)
                0x000000000000f6bc                CUSBHIDDevice::Configure()
 .text          0x000000000000f848      0x1c0 ../../lib/usb/libusb.a(usbmouse.o)
                0x000000000000f848                CUSBMouseDevice::~CUSBMouseDevice()
                0x000000000000f848                CUSBMouseDevice::~CUSBMouseDevice()
                0x000000000000f870                CUSBMouseDevice::~CUSBMouseDevice()
                0x000000000000f88c                CUSBMouseDevice::ReportHandler(unsigned char const*)
                0x000000000000f8e4                CUSBMouseDevice::CUSBMouseDevice(CUSBFunction*)
                0x000000000000f8e4                CUSBMouseDevice::CUSBMouseDevice(CUSBFunction*)
                0x000000000000f910                CUSBMouseDevice::RegisterStatusHandler(void (*)(unsigned int, int, int))
                0x000000000000f964                CUSBMouseDevice::Configure()
 .text          0x000000000000fa08      0x574 ../../lib/usb/libusb.a(usbfunction.o)
                0x000000000000fa08                CUSBFunction::Initialize()
                0x000000000000fa10                CUSBFunction::~CUSBFunction()
                0x000000000000fa10                CUSBFunction::~CUSBFunction()
                0x000000000000fa64                CUSBFunction::~CUSBFunction()
                0x000000000000fa80                CUSBFunction::CUSBFunction(CUSBDevice*, CUSBConfigurationParser*)
                0x000000000000fa80                CUSBFunction::CUSBFunction(CUSBDevice*, CUSBConfigurationParser*)
                0x000000000000fb50                CUSBFunction::CUSBFunction(CUSBFunction*)
                0x000000000000fb50                CUSBFunction::CUSBFunction(CUSBFunction*)
                0x000000000000fc44                CUSBFunction::GetInterfaceName() const
                0x000000000000fcd0                CUSBFunction::GetNumEndpoints() const
                0x000000000000fd08                CUSBFunction::GetDevice() const
                0x000000000000fd3c                CUSBFunction::GetEndpoint0() const
                0x000000000000fd74                CUSBFunction::GetHost() const
                0x000000000000fdac                CUSBFunction::Configure()
                0x000000000000fe70                CUSBFunction::GetDescriptor(unsigned char)
                0x000000000000feb0                CUSBFunction::ConfigurationError(char const*) const
                0x000000000000ff0c                CUSBFunction::GetInterfaceNumber() const
                0x000000000000ff44                CUSBFunction::GetInterfaceProtocol() const
 .text          0x000000000000ff7c      0x120 ../../lib/usb/libusb.a(dwhciframeschednsplit.o)
                0x000000000000ff7c                CDWHCIFrameSchedulerNoSplit::~CDWHCIFrameSchedulerNoSplit()
                0x000000000000ff7c                CDWHCIFrameSchedulerNoSplit::~CDWHCIFrameSchedulerNoSplit()
                0x000000000000ff8c                CDWHCIFrameSchedulerNoSplit::IsOddFrame() const
                0x000000000000ff98                CDWHCIFrameSchedulerNoSplit::~CDWHCIFrameSchedulerNoSplit()
                0x000000000000ffb4                CDWHCIFrameSchedulerNoSplit::StartSplit()
                0x000000000000ffd4                CDWHCIFrameSchedulerNoSplit::CompleteSplit()
                0x000000000000fff8                CDWHCIFrameSchedulerNoSplit::TransactionComplete(unsigned int)
                0x0000000000010018                CDWHCIFrameSchedulerNoSplit::WaitForFrame()
                0x0000000000010080                CDWHCIFrameSchedulerNoSplit::CDWHCIFrameSchedulerNoSplit(int)
                0x0000000000010080                CDWHCIFrameSchedulerNoSplit::CDWHCIFrameSchedulerNoSplit(int)
 .text          0x000000000001009c      0x37c ../../lib/usb/libusb.a(usbprinter.o)
                0x000000000001009c                CUSBPrinterDevice::~CUSBPrinterDevice()
                0x000000000001009c                CUSBPrinterDevice::~CUSBPrinterDevice()
                0x0000000000010108                CUSBPrinterDevice::~CUSBPrinterDevice()
                0x0000000000010124                CUSBPrinterDevice::Write(void const*, unsigned int)
                0x00000000000101b4                CUSBPrinterDevice::CUSBPrinterDevice(CUSBFunction*)
                0x00000000000101b4                CUSBPrinterDevice::CUSBPrinterDevice(CUSBFunction*)
                0x00000000000101e4                CUSBPrinterDevice::Configure()
 .text          0x0000000000010418      0x378 ../../lib/usb/libusb.a(usbconfigparser.o)
                0x0000000000010418                CUSBConfigurationParser::CUSBConfigurationParser(void const*, unsigned int)
                0x0000000000010418                CUSBConfigurationParser::CUSBConfigurationParser(void const*, unsigned int)
                0x000000000001057c                CUSBConfigurationParser::CUSBConfigurationParser(CUSBConfigurationParser*)
                0x000000000001057c                CUSBConfigurationParser::CUSBConfigurationParser(CUSBConfigurationParser*)
                0x00000000000105e4                CUSBConfigurationParser::~CUSBConfigurationParser()
                0x00000000000105e4                CUSBConfigurationParser::~CUSBConfigurationParser()
                0x0000000000010608                CUSBConfigurationParser::IsValid() const
                0x0000000000010610                CUSBConfigurationParser::GetDescriptor(unsigned char)
                0x00000000000106d0                CUSBConfigurationParser::GetCurrentDescriptor()
                0x0000000000010724                CUSBConfigurationParser::Error(char const*) const
 .text          0x0000000000010790      0x9b4 ../../lib/usb/libusb.a(smsc951x.o)
                0x0000000000010790                CSMSC951xDevice::GetMACAddress() const
                0x0000000000010798                CSMSC951xDevice::~CSMSC951xDevice()
                0x0000000000010798                CSMSC951xDevice::~CSMSC951xDevice()
                0x000000000001081c                CSMSC951xDevice::~CSMSC951xDevice()
                0x0000000000010838                CSMSC951xDevice::SendFrame(void const*, unsigned int)
                0x0000000000010914                CSMSC951xDevice::ReceiveFrame(void*, unsigned int*)
                0x0000000000010ab8                CSMSC951xDevice::CSMSC951xDevice(CUSBFunction*)
                0x0000000000010ab8                CSMSC951xDevice::CSMSC951xDevice(CUSBFunction*)
                0x0000000000010b1c                CSMSC951xDevice::WriteReg(unsigned int, unsigned int)
                0x0000000000010b84                CSMSC951xDevice::ReadReg(unsigned int, unsigned int*)
                0x0000000000010bec                CSMSC951xDevice::DumpReg(char const*, unsigned int)
                0x0000000000010c60                CSMSC951xDevice::DumpRegs()
                0x0000000000010df8                CSMSC951xDevice::Configure()
 .text          0x0000000000011144      0x2a0 ../../lib/usb/libusb.a(macaddress.o)
                0x0000000000011144                CMACAddress::CMACAddress()
                0x0000000000011144                CMACAddress::CMACAddress()
                0x0000000000011150                CMACAddress::~CMACAddress()
                0x0000000000011150                CMACAddress::~CMACAddress()
                0x000000000001115c                CMACAddress::Set(unsigned char const*)
                0x00000000000111a0                CMACAddress::CMACAddress(unsigned char const*)
                0x00000000000111a0                CMACAddress::CMACAddress(unsigned char const*)
                0x00000000000111b4                CMACAddress::SetBroadcast()
                0x00000000000111d8                CMACAddress::Get() const
                0x000000000001120c                CMACAddress::operator==(CMACAddress const&) const
                0x0000000000011260                CMACAddress::operator!=(CMACAddress const&) const
                0x0000000000011274                CMACAddress::CopyTo(unsigned char*) const
                0x00000000000112d4                CMACAddress::IsBroadcast() const
                0x000000000001134c                CMACAddress::GetSize() const
                0x0000000000011354                CMACAddress::Format(CString*) const
 .text          0x00000000000113e4       0x5c ../../lib/usb/libusb.a(netdevice.o)
                0x00000000000113e4                CNetDevice::~CNetDevice()
                0x00000000000113e4                CNetDevice::~CNetDevice()
                0x0000000000011404                CNetDevice::~CNetDevice()
                0x0000000000011420                CNetDevice::CNetDevice(CUSBFunction*)
                0x0000000000011420                CNetDevice::CNetDevice(CUSBFunction*)
 .text          0x0000000000011440      0x3b4 ../../lib/input/libinput.a(keyboardbehaviour.o)
                0x0000000000011440                CKeyboardBehaviour::CKeyboardBehaviour()
                0x0000000000011440                CKeyboardBehaviour::CKeyboardBehaviour()
                0x0000000000011474                CKeyboardBehaviour::~CKeyboardBehaviour()
                0x0000000000011474                CKeyboardBehaviour::~CKeyboardBehaviour()
                0x000000000001149c                CKeyboardBehaviour::RegisterKeyPressedHandler(void (*)(char const*))
                0x00000000000114cc                CKeyboardBehaviour::RegisterSelectConsoleHandler(void (*)(unsigned int))
                0x00000000000114fc                CKeyboardBehaviour::RegisterShutdownHandler(void (*)())
                0x000000000001152c                CKeyboardBehaviour::GetLEDStatus() const
                0x000000000001153c                CKeyboardBehaviour::GenerateKeyEvent(unsigned char)
                0x000000000001163c                CKeyboardBehaviour::KeyPressed(unsigned char)
                0x00000000000116a8                CKeyboardBehaviour::KeyReleased(unsigned char)
                0x0000000000011734                CKeyboardBehaviour::TimerHandler(unsigned int)
                0x00000000000117bc                CKeyboardBehaviour::TimerStub(unsigned int, void*, void*)
 .text          0x00000000000117f4      0x314 ../../lib/input/libinput.a(keymap.o)
                0x00000000000117f4                CKeyMap::CKeyMap()
                0x00000000000117f4                CKeyMap::CKeyMap()
                0x0000000000011828                CKeyMap::~CKeyMap()
                0x0000000000011828                CKeyMap::~CKeyMap()
                0x000000000001182c                CKeyMap::ClearTable(unsigned char)
                0x0000000000011864                CKeyMap::SetEntry(unsigned char, unsigned char, unsigned short)
                0x00000000000118bc                CKeyMap::Translate(unsigned char, unsigned char)
                0x0000000000011a00                CKeyMap::GetString(unsigned short, unsigned char, char*) const
                0x0000000000011ad4                CKeyMap::GetLEDStatus() const
 .text          0x0000000000011b08      0xbec ../../lib/fs/fat/libfatfs.a(fatfs.o)
                0x0000000000011b08                CFATFileSystem::CFATFileSystem()
                0x0000000000011b08                CFATFileSystem::CFATFileSystem()
                0x0000000000011b68                CFATFileSystem::~CFATFileSystem()
                0x0000000000011b68                CFATFileSystem::~CFATFileSystem()
                0x0000000000011b98                CFATFileSystem::Mount(CDevice*)
                0x0000000000011bd4                CFATFileSystem::UnMount()
                0x0000000000011bf0                CFATFileSystem::Synchronize()
                0x0000000000011c0c                CFATFileSystem::RootFindFirst(TDirentry*, TFindCurrentEntry*)
                0x0000000000011c24                CFATFileSystem::RootFindNext(TDirentry*, TFindCurrentEntry*)
                0x0000000000011c3c                CFATFileSystem::FileOpen(char const*)
                0x0000000000011db4                CFATFileSystem::FileClose(unsigned int)
                0x0000000000011f34                CFATFileSystem::FileRead(unsigned int, void*, unsigned int)
                0x00000000000121c8                CFATFileSystem::FileWrite(unsigned int, void const*, unsigned int)
                0x00000000000124cc                CFATFileSystem::FileDelete(char const*)
                0x000000000001257c                CFATFileSystem::FileCreate(char const*)
 .text          0x00000000000126f4      0x868 ../../lib/fs/fat/libfatfs.a(fatcache.o)
                0x00000000000126f4                CFATCache::CFATCache()
                0x00000000000126f4                CFATCache::CFATCache()
                0x000000000001270c                CFATCache::~CFATCache()
                0x000000000001270c                CFATCache::~CFATCache()
                0x0000000000012710                CFATCache::Open(CDevice*)
                0x000000000001284c                CFATCache::MarkDirty(TFATBuffer*)
                0x00000000000128b0                CFATCache::MoveBufferFirst(TFATBuffer*)
                0x00000000000128f4                CFATCache::MoveBufferLast(TFATBuffer*)
                0x0000000000012938                CFATCache::FreeSector(TFATBuffer*, int)
                0x00000000000129e0                CFATCache::Fault(unsigned int)
                0x0000000000012a70                CFATCache::Flush()
                0x0000000000012b7c                CFATCache::Close()
                0x0000000000012bcc                CFATCache::GetSector(unsigned int, int)
 .text          0x0000000000012f5c      0xa9c ../../lib/fs/fat/libfatfs.a(fatinfo.o)
                0x0000000000012f5c                CFATInfo::CFATInfo(CFATCache*)
                0x0000000000012f5c                CFATInfo::CFATInfo(CFATCache*)
                0x0000000000012f74                CFATInfo::~CFATInfo()
                0x0000000000012f74                CFATInfo::~CFATInfo()
                0x0000000000012f88                CFATInfo::Initialize()
                0x00000000000134ac                CFATInfo::GetFATType() const
                0x00000000000134e0                CFATInfo::GetSectorsPerCluster() const
                0x00000000000134e8                CFATInfo::GetReservedSectors() const
                0x00000000000134f0                CFATInfo::GetClusterCount() const
                0x00000000000134f8                CFATInfo::GetReadFAT() const
                0x0000000000013528                CFATInfo::GetFirstWriteFAT() const
                0x0000000000013558                CFATInfo::GetLastWriteFAT() const
                0x00000000000135b0                CFATInfo::GetFATSize() const
                0x00000000000135b8                CFATInfo::GetFirstRootSector() const
                0x00000000000135fc                CFATInfo::GetRootSectorCount() const
                0x0000000000013634                CFATInfo::GetRootEntries() const
                0x000000000001366c                CFATInfo::GetRootCluster() const
                0x00000000000136a4                CFATInfo::GetFirstSector(unsigned int) const
                0x00000000000136e8                CFATInfo::UpdateFSInfo()
                0x0000000000013898                CFATInfo::ClusterAllocated(unsigned int)
                0x00000000000138f0                CFATInfo::ClusterFreed(unsigned int)
                0x00000000000139bc                CFATInfo::GetNextFreeCluster()
 .text          0x00000000000139f8      0x7a8 ../../lib/fs/fat/libfatfs.a(fat.o)
                0x00000000000139f8                CFAT::CFAT(CFATCache*, CFATInfo*)
                0x00000000000139f8                CFAT::CFAT(CFATCache*, CFATInfo*)
                0x0000000000013a0c                CFAT::~CFAT()
                0x0000000000013a0c                CFAT::~CFAT()
                0x0000000000013a1c                CFAT::IsEOC(unsigned int) const
                0x0000000000013aa8                CFAT::GetSector(unsigned int, unsigned int*, unsigned int)
                0x0000000000013bb4                CFAT::GetEntry(TFATBuffer*, unsigned int)
                0x0000000000013c4c                CFAT::GetClusterEntry(unsigned int)
                0x0000000000013d28                CFAT::SetEntry(TFATBuffer*, unsigned int, unsigned int)
                0x0000000000013e04                CFAT::SetClusterEntry(unsigned int, unsigned int)
                0x0000000000013f14                CFAT::FreeClusterChain(unsigned int)
                0x0000000000013f9c                CFAT::AllocateCluster()
 .text          0x00000000000141a0      0xe7c ../../lib/fs/fat/libfatfs.a(fatdir.o)
                0x00000000000141a0                CFATDirectory::CFATDirectory(CFATCache*, CFATInfo*, CFAT*)
                0x00000000000141a0                CFATDirectory::CFATDirectory(CFATCache*, CFATInfo*, CFAT*)
                0x00000000000141bc                CFATDirectory::~CFATDirectory()
                0x00000000000141bc                CFATDirectory::~CFATDirectory()
                0x00000000000141d0                CFATDirectory::FreeEntry(int)
                0x0000000000014268                CFATDirectory::Time2FAT(unsigned int)
                0x000000000001437c                CFATDirectory::Name2FAT(char const*, char*)
                0x00000000000144b8                CFATDirectory::GetEntry(char const*)
                0x00000000000147a0                CFATDirectory::CreateEntry(char const*)
                0x0000000000014b70                CFATDirectory::FAT2Name(char const*, char*)
                0x0000000000014c78                CFATDirectory::FindNext(TDirentry*, TFindCurrentEntry*)
                0x0000000000014fd0                CFATDirectory::FindFirst(TDirentry*, TFindCurrentEntry*)
 .text          0x000000000001501c      0x2bc ../../lib/fs/libfs.a(partitionmanager.o)
                0x000000000001501c                CPartitionManager::CPartitionManager(CDevice*, char const*)
                0x000000000001501c                CPartitionManager::CPartitionManager(CDevice*, char const*)
                0x000000000001504c                CPartitionManager::~CPartitionManager()
                0x000000000001504c                CPartitionManager::~CPartitionManager()
                0x00000000000150a8                CPartitionManager::Initialize()
 .text          0x00000000000152d8      0x2f4 ../../lib/fs/libfs.a(partition.o)
                0x00000000000152d8                CPartition::Read(void*, unsigned int)
                0x0000000000015384                CPartition::Write(void const*, unsigned int)
                0x0000000000015430                CPartition::Seek(unsigned long long)
                0x000000000001551c                CPartition::~CPartition()
                0x000000000001551c                CPartition::~CPartition()
                0x0000000000015544                CPartition::~CPartition()
                0x0000000000015560                CPartition::CPartition(CDevice*, unsigned int, unsigned int)
                0x0000000000015560                CPartition::CPartition(CDevice*, unsigned int, unsigned int)
 .text          0x00000000000155cc      0x1b8 ../../lib/libcircle.a(actled.o)
                0x00000000000155cc                CActLED::~CActLED()
                0x00000000000155cc                CActLED::~CActLED()
                0x00000000000155e0                CActLED::On()
                0x0000000000015608                CActLED::Off()
                0x0000000000015630                CActLED::CActLED()
                0x0000000000015630                CActLED::CActLED()
                0x0000000000015728                CActLED::Blink(unsigned int, unsigned int, unsigned int)
                0x0000000000015774                CActLED::Get()
 .text          0x0000000000015784      0x4f4 ../../lib/libcircle.a(alloc.o)
                0x0000000000015784                mem_init
                0x00000000000157c8                mem_get_size
                0x00000000000157f0                malloc
                0x00000000000159d4                free
                0x0000000000015afc                palloc
                0x0000000000015bf4                pfree
 .text          0x0000000000015c78      0x178 ../../lib/libcircle.a(bcmpropertytags.o)
                0x0000000000015c78                CBcmPropertyTags::CBcmPropertyTags()
                0x0000000000015c78                CBcmPropertyTags::CBcmPropertyTags()
                0x0000000000015c90                CBcmPropertyTags::~CBcmPropertyTags()
                0x0000000000015c90                CBcmPropertyTags::~CBcmPropertyTags()
                0x0000000000015ca4                CBcmPropertyTags::GetTag(unsigned int, void*, unsigned int, unsigned int)
 .text          0x0000000000015df0      0xac0 ../../lib/libcircle.a(gpiopin.o)
                0x0000000000015df0                CGPIOPin::~CGPIOPin()
                0x0000000000015df0                CGPIOPin::~CGPIOPin()
                0x0000000000015e14                CGPIOPin::~CGPIOPin()
                0x0000000000015e30                CGPIOPin::Write(unsigned int)
                0x0000000000015eec                CGPIOPin::Read() const
                0x0000000000015f84                CGPIOPin::Invert()
                0x0000000000015fc4                CGPIOPin::ConnectInterrupt(void (*)(void*), void*)
                0x0000000000016098                CGPIOPin::DisconnectInterrupt()
                0x0000000000016148                CGPIOPin::EnableInterrupt(TGPIOInterrupt)
                0x0000000000016290                CGPIOPin::DisableInterrupt()
                0x0000000000016380                CGPIOPin::SetPullUpMode(unsigned int)
                0x0000000000016460                CGPIOPin::SetAlternateFunction(unsigned int)
                0x000000000001653c                CGPIOPin::SetMode(TGPIOMode, int)
                0x00000000000166ec                CGPIOPin::CGPIOPin(unsigned int, TGPIOMode, CGPIOManager*)
                0x00000000000166ec                CGPIOPin::CGPIOPin(unsigned int, TGPIOMode, CGPIOManager*)
                0x000000000001675c                CGPIOPin::InterruptHandler()
                0x00000000000167ec                CGPIOPin::DisableAllInterrupts(unsigned int)
 .text          0x00000000000168b0       0x2c ../../lib/libcircle.a(libstub.o)
                0x00000000000168b0                __aeabi_uidiv
                0x00000000000168c0                __aeabi_uidivmod
 .text          0x00000000000168dc       0x10 ../../lib/libcircle.a(memio.o)
                0x00000000000168dc                read32
                0x00000000000168e4                write32
 .text          0x00000000000168ec      0x3a4 ../../lib/libcircle.a(memory.o)
                0x00000000000168ec                CMemorySystem::~CMemorySystem()
                0x00000000000168ec                CMemorySystem::~CMemorySystem()
                0x000000000001696c                CMemorySystem::GetMemSize() const
                0x0000000000016974                CMemorySystem::SetPageTable0(CPageTable*, unsigned int)
                0x00000000000169dc                CMemorySystem::SetPageTable0(unsigned int, unsigned int)
                0x0000000000016a30                CMemorySystem::GetTTBR0() const
                0x0000000000016a60                CMemorySystem::GetContextID() const
                0x0000000000016a90                CMemorySystem::EnableMMU()
                0x0000000000016b78                CMemorySystem::CMemorySystem(int)
                0x0000000000016b78                CMemorySystem::CMemorySystem(int)
 .text          0x0000000000016c90       0x40 ../../lib/libcircle.a(new.o)
                0x0000000000016c90                operator new(unsigned int)
                0x0000000000016c9c                operator new[](unsigned int)
                0x0000000000016ca8                operator delete(void*)
                0x0000000000016cbc                operator delete[](void*)
 .text          0x0000000000016cd0       0x20 ../../lib/libcircle.a(purecall.o)
                0x0000000000016cd0                __cxa_pure_virtual
 .text          0x0000000000016cf0       0xa4 ../../lib/libcircle.a(synchronize.o)
                0x0000000000016cf0                EnterCritical
                0x0000000000016d30                LeaveCritical
 .text          0x0000000000016d94       0xfc ../../lib/libcircle.a(sysinit.o)
                0x0000000000016d94                __aeabi_atexit
                0x0000000000016d98                halt
                0x0000000000016da0                reboot
                0x0000000000016dd8                sysinit
 .text          0x0000000000016e90      0x884 ../../lib/libcircle.a(timer.o)
                0x0000000000016e90                CTimer::CTimer(CInterruptSystem*)
                0x0000000000016e90                CTimer::CTimer(CInterruptSystem*)
                0x0000000000016f24                CTimer::~CTimer()
                0x0000000000016f24                CTimer::~CTimer()
                0x0000000000016f38                CTimer::SetTime(unsigned int)
                0x0000000000016f6c                CTimer::GetClockTicks() const
                0x0000000000016f90                CTimer::GetTicks() const
                0x0000000000016f98                CTimer::GetTime() const
                0x0000000000016fa0                CTimer::StartKernelTimer(unsigned int, void (*)(unsigned int, void*, void*), void*, void*)
                0x0000000000017074                CTimer::CancelKernelTimer(unsigned int)
                0x00000000000170d0                CTimer::PollKernelTimers()
                0x000000000001717c                CTimer::InterruptHandler()
                0x000000000001727c                CTimer::InterruptHandler(void*)
                0x00000000000172ac                CTimer::MsDelay(unsigned int)
                0x00000000000172c8                CTimer::usDelay(unsigned int)
                0x00000000000172e4                CTimer::TuneMsDelay()
                0x0000000000017388                CTimer::Initialize()
                0x0000000000017420                CTimer::SimpleusDelay(unsigned int)
                0x0000000000017468                CTimer::SimpleMsDelay(unsigned int)
                0x0000000000017484                CTimer::IsLeapYear(unsigned int)
                0x00000000000174d8                CTimer::GetDaysOfMonth(unsigned int, unsigned int)
                0x0000000000017510                CTimer::GetTimeString()
                0x00000000000176d4                CTimer::Get()
 .text          0x0000000000017714      0x3dc ../../lib/libcircle.a(util.o)
                0x0000000000017714                memset
                0x0000000000017734                memcpy
                0x0000000000017758                memcmp
                0x00000000000177d8                strlen
                0x0000000000017808                strcmp
                0x00000000000178c0                strcpy
                0x00000000000178f4                strncpy
                0x0000000000017948                strcat
                0x000000000001799c                strchr
                0x00000000000179e8                strtok_r
                0x0000000000017ac0                char2int
                0x0000000000017ac4                le2be16
                0x0000000000017ad4                le2be32
 .text          0x0000000000017af0       0x58 ../../lib/libcircle.a(device.o)
                0x0000000000017af0                CDevice::~CDevice()
                0x0000000000017af0                CDevice::~CDevice()
                0x0000000000017b00                CDevice::Read(void*, unsigned int)
                0x0000000000017b08                CDevice::Write(void const*, unsigned int)
                0x0000000000017b10                CDevice::Seek(unsigned long long)
                0x0000000000017b1c                CDevice::~CDevice()
                0x0000000000017b38                CDevice::CDevice()
                0x0000000000017b38                CDevice::CDevice()
 .text          0x0000000000017b48      0x3c4 ../../lib/libcircle.a(koptions.o)
                0x0000000000017b48                CKernelOptions::~CKernelOptions()
                0x0000000000017b48                CKernelOptions::~CKernelOptions()
                0x0000000000017b5c                CKernelOptions::GetWidth() const
                0x0000000000017b64                CKernelOptions::GetHeight() const
                0x0000000000017b6c                CKernelOptions::GetLogDevice() const
                0x0000000000017b78                CKernelOptions::GetLogLevel() const
                0x0000000000017b80                CKernelOptions::GetUSBPowerDelay() const
                0x0000000000017b88                CKernelOptions::Get()
                0x0000000000017b98                CKernelOptions::GetToken()
                0x0000000000017c38                CKernelOptions::GetOptionValue(char*)
                0x0000000000017c90                CKernelOptions::GetDecimal(char*)
                0x0000000000017d28                CKernelOptions::CKernelOptions()
                0x0000000000017d28                CKernelOptions::CKernelOptions()
 .text          0x0000000000017f0c      0x1b8 ../../lib/libcircle.a(pagetable.o)
                0x0000000000017f0c                CPageTable::CPageTable()
                0x0000000000017f0c                CPageTable::CPageTable()
                0x0000000000017f90                CPageTable::CPageTable(unsigned int)
                0x0000000000017f90                CPageTable::CPageTable(unsigned int)
                0x000000000001808c                CPageTable::~CPageTable()
                0x000000000001808c                CPageTable::~CPageTable()
                0x00000000000180b8                CPageTable::GetBaseAddress() const
 .text          0x00000000000180c4      0xfa8 ../../lib/libcircle.a(screen.o)
                0x00000000000180c4                CScreenDevice::~CScreenDevice()
                0x00000000000180c4                CScreenDevice::~CScreenDevice()
                0x0000000000018138                CScreenDevice::~CScreenDevice()
                0x0000000000018154                CScreenDevice::CScreenDevice(unsigned int, unsigned int, int)
                0x0000000000018154                CScreenDevice::CScreenDevice(unsigned int, unsigned int, int)
                0x00000000000181c4                CScreenDevice::GetWidth() const
                0x00000000000181cc                CScreenDevice::GetHeight() const
                0x00000000000181d4                CScreenDevice::GetStatus()
                0x0000000000018228                CScreenDevice::SetStatus(TScreenStatus)
                0x00000000000182fc                CScreenDevice::CarriageReturn()
                0x0000000000018308                CScreenDevice::CursorHome()
                0x0000000000018318                CScreenDevice::CursorLeft()
                0x0000000000018380                CScreenDevice::CursorMove(unsigned int, unsigned int)
                0x00000000000183d4                CScreenDevice::CursorUp()
                0x000000000001840c                CScreenDevice::DeleteChars(unsigned int)
                0x0000000000018410                CScreenDevice::DeleteLines(unsigned int)
                0x0000000000018414                CScreenDevice::InsertLines(unsigned int)
                0x0000000000018418                CScreenDevice::InsertMode(int)
                0x0000000000018420                CScreenDevice::ReverseScroll()
                0x0000000000018424                CScreenDevice::SetCursorMode(int)
                0x000000000001842c                CScreenDevice::SetStandoutMode(unsigned int)
                0x00000000000184cc                CScreenDevice::Scroll()
                0x000000000001852c                CScreenDevice::CursorDown()
                0x0000000000018578                CScreenDevice::NewLine()
                0x000000000001858c                CScreenDevice::CursorRight()
                0x00000000000185c0                CScreenDevice::Tabulator()
                0x0000000000018604                CScreenDevice::SetPixel(unsigned int, unsigned int, unsigned char)
                0x0000000000018630                CScreenDevice::DisplayChar(char, unsigned int, unsigned int, unsigned char)
                0x00000000000186d4                CScreenDevice::DisplayChar(char)
                0x0000000000018714                CScreenDevice::EraseChar(unsigned int, unsigned int)
                0x000000000001877c                CScreenDevice::ClearLineEnd()
                0x00000000000187c4                CScreenDevice::ClearDisplayEnd()
                0x0000000000018808                CScreenDevice::EraseChars(unsigned int)
                0x0000000000018870                CScreenDevice::Write(char)
                0x0000000000018d40                CScreenDevice::GetPixel(unsigned int, unsigned int)
                0x0000000000018d78                CScreenDevice::InvertCursor()
                0x0000000000018e10                CScreenDevice::Initialize()
                0x0000000000018f84                CScreenDevice::Write(void const*, unsigned int)
                0x0000000000019010                CScreenDevice::Rotor(unsigned int, unsigned int)
 .text          0x000000000001906c       0x88 ../../lib/libcircle.a(assert.o)
                0x000000000001906c                assertion_failed
 .text          0x00000000000190f4       0xa4 ../../lib/libcircle.a(chargenerator.o)
                0x00000000000190f4                CCharGenerator::CCharGenerator()
                0x00000000000190f4                CCharGenerator::CCharGenerator()
                0x0000000000019100                CCharGenerator::~CCharGenerator()
                0x0000000000019100                CCharGenerator::~CCharGenerator()
                0x0000000000019104                CCharGenerator::GetCharWidth() const
                0x000000000001910c                CCharGenerator::GetCharHeight() const
                0x0000000000019114                CCharGenerator::GetUnderline() const
                0x000000000001911c                CCharGenerator::GetPixel(char, unsigned int, unsigned int) const
 .text          0x0000000000019198      0x198 ../../lib/libcircle.a(debug.o)
                0x0000000000019198                debug_hexdump(void const*, unsigned int, char const*)
                0x00000000000192a8                debug_stacktrace(unsigned int const*, char const*)
 .text          0x0000000000019330      0x2ec ../../lib/libcircle.a(devicenameservice.o)
                0x0000000000019330                CDeviceNameService::CDeviceNameService()
                0x0000000000019330                CDeviceNameService::CDeviceNameService()
                0x0000000000019380                CDeviceNameService::~CDeviceNameService()
                0x0000000000019380                CDeviceNameService::~CDeviceNameService()
                0x00000000000193ec                CDeviceNameService::AddDevice(char const*, CDevice*, int)
                0x00000000000194d4                CDeviceNameService::GetDevice(char const*, int)
                0x00000000000195e0                CDeviceNameService::Get()
 .text          0x000000000001961c      0x3a8 ../../lib/libcircle.a(logger.o)
                0x000000000001961c                CLogger::CLogger(unsigned int, CTimer*)
                0x000000000001961c                CLogger::CLogger(unsigned int, CTimer*)
                0x0000000000019668                CLogger::~CLogger()
                0x0000000000019668                CLogger::~CLogger()
                0x000000000001969c                CLogger::Get()
                0x00000000000196ac                CLogger::Write(char const*)
                0x0000000000019760                CLogger::Read(void*, unsigned int)
                0x0000000000019814                CLogger::WriteV(char const*, TLogSeverity, char const*, std::__va_list)
                0x000000000001996c                CLogger::Write(char const*, TLogSeverity, char const*, ...)
                0x000000000001999c                CLogger::Initialize(CDevice*)
 .text          0x00000000000199c4      0x350 ../../lib/libcircle.a(serial.o)
                0x00000000000199c4                CSerialDevice::CSerialDevice()
                0x00000000000199c4                CSerialDevice::CSerialDevice()
                0x0000000000019a14                CSerialDevice::Initialize(unsigned int)
                0x0000000000019bb0                CSerialDevice::Write(unsigned char)
                0x0000000000019be4                CSerialDevice::Write(void const*, unsigned int)
                0x0000000000019c90                CSerialDevice::~CSerialDevice()
                0x0000000000019c90                CSerialDevice::~CSerialDevice()
                0x0000000000019cf8                CSerialDevice::~CSerialDevice()
 .text          0x0000000000019d14      0x868 ../../lib/libcircle.a(string.o)
                0x0000000000019d14                CString::~CString()
                0x0000000000019d14                CString::~CString()
                0x0000000000019d48                CString::~CString()
                0x0000000000019d64                CString::CString()
                0x0000000000019d64                CString::CString()
                0x0000000000019d80                CString::CString(char const*)
                0x0000000000019d80                CString::CString(char const*)
                0x0000000000019dc0                CString::operator char const*() const
                0x0000000000019dd8                CString::operator=(char const*)
                0x0000000000019e1c                CString::GetLength() const
                0x0000000000019e3c                CString::Append(char const*)
                0x0000000000019ec8                CString::Compare(char const*) const
                0x0000000000019ed8                CString::Find(char) const
                0x0000000000019f30                CString::ReserveSpace(unsigned long)
                0x0000000000019fa8                CString::PutChar(char, unsigned long)
                0x0000000000019fec                CString::PutString(char const*)
                0x000000000001a02c                CString::ntoa(char*, unsigned long, unsigned int, int)
                0x000000000001a0f8                CString::FormatV(char const*, std::__va_list)
                0x000000000001a550                CString::Format(char const*, ...)
 *fill*         0x000000000001a57c        0x4 
 .text          0x000000000001a580       0x10 ../../lib/libcircle.a(delayloop.o)
                0x000000000001a580                DelayLoop
 .text          0x000000000001a590      0x244 ../../lib/libcircle.a(exceptionhandler.o)
                0x000000000001a590                CExceptionHandler::CExceptionHandler()
                0x000000000001a590                CExceptionHandler::CExceptionHandler()
                0x000000000001a638                CExceptionHandler::~CExceptionHandler()
                0x000000000001a638                CExceptionHandler::~CExceptionHandler()
                0x000000000001a64c                CExceptionHandler::Throw(unsigned int)
                0x000000000001a68c                CExceptionHandler::Throw(unsigned int, TAbortFrame*)
                0x000000000001a770                CExceptionHandler::Get()
                0x000000000001a7ac                ExceptionHandler
 .text          0x000000000001a7d4       0xd0 ../../lib/libcircle.a(exceptionstub.o)
                0x000000000001a7d4                UndefinedInstructionStub
                0x000000000001a814                PrefetchAbortStub
                0x000000000001a854                DataAbortStub
                0x000000000001a894                IRQStub
 .text          0x000000000001a8a4      0x46c ../../lib/libcircle.a(interrupt.o)
                0x000000000001a8a4                CInterruptSystem::CInterruptSystem()
                0x000000000001a8a4                CInterruptSystem::CInterruptSystem()
                0x000000000001a8d4                CInterruptSystem::~CInterruptSystem()
                0x000000000001a8d4                CInterruptSystem::~CInterruptSystem()
                0x000000000001a8e8                CInterruptSystem::Initialize()
                0x000000000001a9c4                CInterruptSystem::EnableIRQ(unsigned int)
                0x000000000001aa3c                CInterruptSystem::ConnectIRQ(unsigned int, void (*)(void*), void*)
                0x000000000001aaa8                CInterruptSystem::DisableIRQ(unsigned int)
                0x000000000001ab20                CInterruptSystem::DisconnectIRQ(unsigned int)
                0x000000000001ab88                CInterruptSystem::Get()
                0x000000000001abc4                CInterruptSystem::CallIRQHandler(unsigned int)
                0x000000000001ac20                CInterruptSystem::InterruptHandler()
                0x000000000001acf4                InterruptHandler
 .text          0x000000000001ad10      0x374 ../../lib/libcircle.a(gpiomanager.o)
                0x000000000001ad10                CGPIOManager::CGPIOManager(CInterruptSystem*)
                0x000000000001ad10                CGPIOManager::CGPIOManager(CInterruptSystem*)
                0x000000000001ad38                CGPIOManager::~CGPIOManager()
                0x000000000001ad38                CGPIOManager::~CGPIOManager()
                0x000000000001adcc                CGPIOManager::Initialize()
                0x000000000001ae3c                CGPIOManager::ConnectInterrupt(CGPIOPin*)
                0x000000000001aed4                CGPIOManager::DisconnectInterrupt(CGPIOPin*)
                0x000000000001af70                CGPIOManager::InterruptHandler()
                0x000000000001b054                CGPIOManager::InterruptStub(void*)
 .text          0x000000000001b084      0x15c ../../lib/libcircle.a(bcmmailbox.o)
                0x000000000001b084                CBcmMailBox::CBcmMailBox(unsigned int)
                0x000000000001b084                CBcmMailBox::CBcmMailBox(unsigned int)
                0x000000000001b094                CBcmMailBox::~CBcmMailBox()
                0x000000000001b094                CBcmMailBox::~CBcmMailBox()
                0x000000000001b098                CBcmMailBox::Flush()
                0x000000000001b0d8                CBcmMailBox::Read()
                0x000000000001b120                CBcmMailBox::Write(unsigned int)
                0x000000000001b17c                CBcmMailBox::WriteRead(unsigned int)
 .text          0x000000000001b1e0       0xcc ../../lib/libcircle.a(libhelper.o)
                0x000000000001b1e0                Divide
 .text          0x000000000001b2ac       0x20 ../../lib/libcircle.a(util_fast.o)
                0x000000000001b2ac                memcpyblk
 .text          0x000000000001b2cc      0x1e4 ../../lib/libcircle.a(bcmframebuffer.o)
                0x000000000001b2cc                CBcmFrameBuffer::CBcmFrameBuffer(unsigned int, unsigned int, unsigned int)
                0x000000000001b2cc                CBcmFrameBuffer::CBcmFrameBuffer(unsigned int, unsigned int, unsigned int)
                0x000000000001b3d4                CBcmFrameBuffer::~CBcmFrameBuffer()
                0x000000000001b3d4                CBcmFrameBuffer::~CBcmFrameBuffer()
                0x000000000001b3fc                CBcmFrameBuffer::SetPalette(unsigned char, unsigned short)
                0x000000000001b418                CBcmFrameBuffer::Initialize()
                0x000000000001b468                CBcmFrameBuffer::GetWidth() const
                0x000000000001b474                CBcmFrameBuffer::GetHeight() const
                0x000000000001b480                CBcmFrameBuffer::GetPitch() const
                0x000000000001b48c                CBcmFrameBuffer::GetDepth() const
                0x000000000001b498                CBcmFrameBuffer::GetBuffer() const
                0x000000000001b4a4                CBcmFrameBuffer::GetSize() const
                0x000000000001b4b0                _etext = .

.glue_7         0x000000000001b4b0        0x0
 .glue_7        0x0000000000000000        0x0 linker stubs

.glue_7t        0x000000000001b4b0        0x0
 .glue_7t       0x0000000000000000        0x0 linker stubs

.vfp11_veneer   0x000000000001b4b0        0x0
 .vfp11_veneer  0x0000000000000000        0x0 linker stubs

.v4_bx          0x000000000001b4b0        0x0
 .v4_bx         0x0000000000000000        0x0 linker stubs

.iplt           0x000000000001b4b0        0x0
 .iplt          0x0000000000000000        0x0 ../../lib/startup.o

.rodata         0x000000000001b4b0     0x3ca8
 *(.rodata*)
 .rodata        0x000000000001b4b0        0x8 kernel.o
 .rodata.str1.4
                0x000000000001b4b8       0x4e kernel.o
                                         0x50 (size before relaxing)
 *fill*         0x000000000001b506        0x2 
 .rodata        0x000000000001b508       0x20 ../../lib/usb/libusb.a(dwhcidevice.o)
                0x000000000001b508                vtable for CDWHCIDevice
 .rodata.str1.4
                0x000000000001b528      0x55a ../../lib/usb/libusb.a(dwhcidevice.o)
                                        0x560 (size before relaxing)
 *fill*         0x000000000001ba82        0x2 
 .rodata.str1.4
                0x000000000001ba84       0x7d ../../lib/usb/libusb.a(dwhciregister.o)
                                         0x80 (size before relaxing)
 *fill*         0x000000000001bb01        0x3 
 .rodata.str1.4
                0x000000000001bb04      0x15a ../../lib/usb/libusb.a(dwhcixferstagedata.o)
                                        0x160 (size before relaxing)
 *fill*         0x000000000001bc5e        0x2 
 .rodata        0x000000000001bc60       0x20 ../../lib/usb/libusb.a(usbdevice.o)
                0x000000000001bc60                vtable for CUSBDevice
 .rodata.str1.4
                0x000000000001bc80      0x3a8 ../../lib/usb/libusb.a(usbdevice.o)
                                        0x3ac (size before relaxing)
 .rodata.str1.4
                0x000000000001c028      0x137 ../../lib/usb/libusb.a(usbendpoint.o)
                                        0x14c (size before relaxing)
 *fill*         0x000000000001c15f        0x1 
 .rodata        0x000000000001c160       0x18 ../../lib/usb/libusb.a(usbhostcontroller.o)
                0x000000000001c160                vtable for CUSBHostController
 .rodata.str1.4
                0x000000000001c178       0x16 ../../lib/usb/libusb.a(usbhostcontroller.o)
                                         0x24 (size before relaxing)
 *fill*         0x000000000001c18e        0x2 
 .rodata.str1.4
                0x000000000001c190       0x9e ../../lib/usb/libusb.a(usbrequest.o)
                                         0xb4 (size before relaxing)
 *fill*         0x000000000001c22e        0x2 
 .rodata.str1.4
                0x000000000001c230       0x96 ../../lib/usb/libusb.a(usbdevicefactory.o)
                                         0xa4 (size before relaxing)
 *fill*         0x000000000001c2c6        0x2 
 .rodata        0x000000000001c2c8       0x30 ../../lib/usb/libusb.a(usbstandardhub.o)
                0x000000000001c2c8                vtable for CUSBStandardHub
 .rodata.str1.4
                0x000000000001c2f8      0x26c ../../lib/usb/libusb.a(usbstandardhub.o)
 *fill*         0x000000000001c564        0x4 
 .rodata        0x000000000001c568       0x30 ../../lib/usb/libusb.a(usbmassdevice.o)
                0x000000000001c568                vtable for CUSBBulkOnlyMassStorageDevice
 .rodata.str1.4
                0x000000000001c598      0x269 ../../lib/usb/libusb.a(usbmassdevice.o)
                                        0x2a0 (size before relaxing)
 *fill*         0x000000000001c801        0x7 
 .rodata._ZTV20CDWHCIFrameScheduler
                0x000000000001c808       0x28 ../../lib/usb/libusb.a(dwhciframeschednper.o)
                0x000000000001c808                vtable for CDWHCIFrameScheduler
 .rodata        0x000000000001c830       0x28 ../../lib/usb/libusb.a(dwhciframeschednper.o)
                0x000000000001c830                vtable for CDWHCIFrameSchedulerNonPeriodic
 .rodata.str1.4
                0x000000000001c858       0x58 ../../lib/usb/libusb.a(dwhciframeschednper.o)
                                         0x6c (size before relaxing)
 .rodata        0x000000000001c8b0       0x28 ../../lib/usb/libusb.a(dwhciframeschedper.o)
                0x000000000001c8b0                vtable for CDWHCIFrameSchedulerPeriodic
 .rodata.str1.4
                0x000000000001c8d8       0x17 ../../lib/usb/libusb.a(dwhciframeschedper.o)
                                         0x6c (size before relaxing)
 *fill*         0x000000000001c8ef        0x1 
 .rodata        0x000000000001c8f0       0x30 ../../lib/usb/libusb.a(usbkeyboard.o)
                0x000000000001c8f0                vtable for CUSBKeyboardDevice
 .rodata.str1.4
                0x000000000001c920       0x4f ../../lib/usb/libusb.a(usbkeyboard.o)
                                         0x50 (size before relaxing)
 *fill*         0x000000000001c96f        0x1 
 .rodata        0x000000000001c970        0x8 ../../lib/usb/libusb.a(dwhcirootport.o)
 .rodata.str1.4
                0x000000000001c978       0x6b ../../lib/usb/libusb.a(dwhcirootport.o)
                                         0xa4 (size before relaxing)
 *fill*         0x000000000001c9e3        0x5 
 .rodata        0x000000000001c9e8       0x30 ../../lib/usb/libusb.a(usbhiddevice.o)
                0x000000000001c9e8                vtable for CUSBHIDDevice
 .rodata.str1.4
                0x000000000001ca18       0xbd ../../lib/usb/libusb.a(usbhiddevice.o)
                                         0xfc (size before relaxing)
 *fill*         0x000000000001cad5        0x3 
 .rodata        0x000000000001cad8       0x30 ../../lib/usb/libusb.a(usbmouse.o)
                0x000000000001cad8                vtable for CUSBMouseDevice
 .rodata.str1.4
                0x000000000001cb08       0x49 ../../lib/usb/libusb.a(usbmouse.o)
                                         0x68 (size before relaxing)
 *fill*         0x000000000001cb51        0x7 
 .rodata        0x000000000001cb58       0x30 ../../lib/usb/libusb.a(usbfunction.o)
                0x000000000001cb58                vtable for CUSBFunction
 .rodata.str1.4
                0x000000000001cb88       0x85 ../../lib/usb/libusb.a(usbfunction.o)
                                         0xe0 (size before relaxing)
 *fill*         0x000000000001cc0d        0x3 
 .rodata        0x000000000001cc10       0x28 ../../lib/usb/libusb.a(dwhciframeschednsplit.o)
                0x000000000001cc10                vtable for CDWHCIFrameSchedulerNoSplit
 .rodata.str1.4
                0x000000000001cc38       0x1a ../../lib/usb/libusb.a(dwhciframeschednsplit.o)
                                         0x20 (size before relaxing)
 *fill*         0x000000000001cc52        0x6 
 .rodata        0x000000000001cc58       0x30 ../../lib/usb/libusb.a(usbprinter.o)
                0x000000000001cc58                vtable for CUSBPrinterDevice
 .rodata.str1.4
                0x000000000001cc88       0x43 ../../lib/usb/libusb.a(usbprinter.o)
                                         0x78 (size before relaxing)
 *fill*         0x000000000001cccb        0x1 
 .rodata.str1.4
                0x000000000001cccc       0x9b ../../lib/usb/libusb.a(usbconfigparser.o)
                                         0xb8 (size before relaxing)
 *fill*         0x000000000001cd67        0x1 
 .rodata        0x000000000001cd68       0x40 ../../lib/usb/libusb.a(smsc951x.o)
                0x000000000001cd68                vtable for CSMSC951xDevice
 .rodata.str1.4
                0x000000000001cda8      0x1e6 ../../lib/usb/libusb.a(smsc951x.o)
                                        0x21c (size before relaxing)
 *fill*         0x000000000001cf8e        0x2 
 .rodata.str1.4
                0x000000000001cf90       0x3e ../../lib/usb/libusb.a(macaddress.o)
                                         0x6c (size before relaxing)
 *fill*         0x000000000001cfce        0x2 
 .rodata        0x000000000001cfd0       0x30 ../../lib/usb/libusb.a(netdevice.o)
                0x000000000001cfd0                vtable for CNetDevice
 .rodata.str1.4
                0x000000000001d000       0xa6 ../../lib/input/libinput.a(keyboardbehaviour.o)
                                         0xb4 (size before relaxing)
 *fill*         0x000000000001d0a6        0x2 
 .rodata        0x000000000001d0a8      0x300 ../../lib/input/libinput.a(keymap.o)
                0x000000000001d0a8                CKeyMap::s_DefaultMap
 .rodata.str1.4
                0x000000000001d3a8       0xce ../../lib/input/libinput.a(keymap.o)
                                         0xe0 (size before relaxing)
 *fill*         0x000000000001d476        0x2 
 .rodata.str1.4
                0x000000000001d478       0x9f ../../lib/fs/fat/libfatfs.a(fatfs.o)
                                         0xb0 (size before relaxing)
 *fill*         0x000000000001d517        0x1 
 .rodata.str1.4
                0x000000000001d518      0x11c ../../lib/fs/fat/libfatfs.a(fatcache.o)
                                        0x120 (size before relaxing)
 .rodata        0x000000000001d634        0x8 ../../lib/fs/fat/libfatfs.a(fatinfo.o)
 .rodata.str1.4
                0x000000000001d63c      0x130 ../../lib/fs/fat/libfatfs.a(fatinfo.o)
                                        0x140 (size before relaxing)
 .rodata.str1.4
                0x000000000001d76c       0xd1 ../../lib/fs/fat/libfatfs.a(fat.o)
                                         0xf4 (size before relaxing)
 *fill*         0x000000000001d83d        0x3 
 .rodata.str1.4
                0x000000000001d840       0x9f ../../lib/fs/fat/libfatfs.a(fatdir.o)
                                         0xf0 (size before relaxing)
 *fill*         0x000000000001d8df        0x1 
 .rodata        0x000000000001d8e0        0x8 ../../lib/fs/libfs.a(partitionmanager.o)
 .rodata.str1.4
                0x000000000001d8e8       0x95 ../../lib/fs/libfs.a(partitionmanager.o)
                                         0x98 (size before relaxing)
 *fill*         0x000000000001d97d        0x3 
 .rodata        0x000000000001d980       0x20 ../../lib/fs/libfs.a(partition.o)
                0x000000000001d980                vtable for CPartition
 .rodata.str1.4
                0x000000000001d9a0        0xe ../../lib/fs/libfs.a(partition.o)
                                         0x20 (size before relaxing)
 *fill*         0x000000000001d9ae        0x2 
 .rodata.str1.4
                0x000000000001d9b0       0xbf ../../lib/libcircle.a(alloc.o)
                                         0xc0 (size before relaxing)
 *fill*         0x000000000001da6f        0x1 
 .rodata.str1.4
                0x000000000001da70       0x5f ../../lib/libcircle.a(bcmpropertytags.o)
                                         0x60 (size before relaxing)
 *fill*         0x000000000001dacf        0x1 
 .rodata        0x000000000001dad0       0x28 ../../lib/libcircle.a(gpiopin.o)
                0x000000000001dad0                vtable for CGPIOPin
 .rodata.str1.4
                0x000000000001daf8      0x1cd ../../lib/libcircle.a(gpiopin.o)
                                        0x1d0 (size before relaxing)
 *fill*         0x000000000001dcc5        0x3 
 .rodata.str1.4
                0x000000000001dcc8       0x94 ../../lib/libcircle.a(memory.o)
 .rodata.str1.4
                0x000000000001dd5c        0xd ../../lib/libcircle.a(purecall.o)
                                         0x14 (size before relaxing)
 *fill*         0x000000000001dd69        0x3 
 .rodata.str1.4
                0x000000000001dd6c       0x28 ../../lib/libcircle.a(synchronize.o)
 .rodata        0x000000000001dd94       0x30 ../../lib/libcircle.a(timer.o)
                0x000000000001dd94                CTimer::s_nDaysOfMonth
 .rodata.str1.4
                0x000000000001ddc4       0xf8 ../../lib/libcircle.a(timer.o)
                                        0x13c (size before relaxing)
 *fill*         0x000000000001debc        0x4 
 .rodata        0x000000000001dec0       0x20 ../../lib/libcircle.a(device.o)
                0x000000000001dec0                vtable for CDevice
 .rodata.str1.4
                0x000000000001dee0       0x3a ../../lib/libcircle.a(koptions.o)
                                         0x3c (size before relaxing)
 *fill*         0x000000000001df1a        0x2 
 .rodata.str1.4
                0x000000000001df1c       0x3e ../../lib/libcircle.a(pagetable.o)
                                         0x40 (size before relaxing)
 *fill*         0x000000000001df5a        0x6 
 .rodata        0x000000000001df60       0x28 ../../lib/libcircle.a(screen.o)
                0x000000000001df60                vtable for CScreenDevice
 .rodata.str1.4
                0x0000000000000000        0x8 ../../lib/libcircle.a(screen.o)
 .rodata.str1.4
                0x000000000001df88       0x1d ../../lib/libcircle.a(assert.o)
                                         0x20 (size before relaxing)
 *fill*         0x000000000001dfa5        0x3 
 .rodata        0x000000000001dfa8      0xdf0 ../../lib/libcircle.a(chargenerator.o)
 .rodata.str1.4
                0x000000000001ed98       0x2a ../../lib/libcircle.a(chargenerator.o)
                                         0x2c (size before relaxing)
 *fill*         0x000000000001edc2        0x2 
 .rodata        0x000000000001edc4        0x8 ../../lib/libcircle.a(debug.o)
 .rodata.str1.4
                0x000000000001edcc       0x8e ../../lib/libcircle.a(debug.o)
                                         0x90 (size before relaxing)
 *fill*         0x000000000001ee5a        0x2 
 .rodata.str1.4
                0x000000000001ee5c       0x60 ../../lib/libcircle.a(devicenameservice.o)
                                         0x7c (size before relaxing)
 .rodata.str1.4
                0x000000000001eebc       0x2c ../../lib/libcircle.a(logger.o)
                                         0x34 (size before relaxing)
 .rodata        0x000000000001eee8       0x20 ../../lib/libcircle.a(serial.o)
                0x000000000001eee8                vtable for CSerialDevice
 .rodata.str1.4
                0x000000000001ef08       0x6f ../../lib/libcircle.a(serial.o)
                                         0x70 (size before relaxing)
 *fill*         0x000000000001ef77        0x1 
 .rodata        0x000000000001ef78       0x10 ../../lib/libcircle.a(string.o)
                0x000000000001ef78                vtable for CString
 .rodata.str1.4
                0x0000000000000000       0x6f ../../lib/libcircle.a(string.o)
                                          0x4 (size before relaxing)
 .rodata        0x000000000001ef88        0x8 ../../lib/libcircle.a(exceptionhandler.o)
 .rodata.str1.4
                0x000000000001ef90       0xbb ../../lib/libcircle.a(exceptionhandler.o)
                                         0xdc (size before relaxing)
 *fill*         0x000000000001f04b        0x1 
 .rodata.str1.4
                0x000000000001f04c       0x5a ../../lib/libcircle.a(interrupt.o)
                                         0x6c (size before relaxing)
 *fill*         0x000000000001f0a6        0x2 
 .rodata.str1.4
                0x000000000001f0a8       0x7b ../../lib/libcircle.a(gpiomanager.o)
                                         0x9c (size before relaxing)
 *fill*         0x000000000001f123        0x1 
 .rodata.str1.4
                0x000000000001f124       0x23 ../../lib/libcircle.a(bcmmailbox.o)
                                         0x24 (size before relaxing)
 *fill*         0x000000000001f147        0x1 
 .rodata.str1.4
                0x000000000001f148       0x10 ../../lib/libcircle.a(libhelper.o)
                                         0x14 (size before relaxing)
                0x000000000001f158                __init_start = .

.rel.dyn        0x000000000001f158        0x0
 .rel.iplt      0x0000000000000000        0x0 ../../lib/startup.o

.init_array     0x000000000001f158        0x8
 *(.init_array*)
 .init_array    0x000000000001f158        0x4 ../../lib/libcircle.a(alloc.o)
 .init_array    0x000000000001f15c        0x4 ../../lib/libcircle.a(gpiopin.o)
                0x000000000001f160                __init_end = .

.data           0x000000000001f160      0x160
 *(.data*)
 .data          0x000000000001f160        0x0 ../../lib/startup.o
 .data          0x000000000001f160        0x0 main.o
 .data          0x000000000001f160        0x4 kernel.o
                0x000000000001f160                gplev0
 .data          0x000000000001f164        0x0 ../../lib/usb/libusb.a(dwhcidevice.o)
 .data          0x000000000001f164        0x0 ../../lib/usb/libusb.a(dwhciregister.o)
 .data          0x000000000001f164        0x0 ../../lib/usb/libusb.a(dwhcixferstagedata.o)
 .data          0x000000000001f164        0x1 ../../lib/usb/libusb.a(usbdevice.o)
                0x000000000001f164                CUSBDevice::s_ucNextAddress
 .data          0x000000000001f165        0x0 ../../lib/usb/libusb.a(usbendpoint.o)
 .data          0x000000000001f165        0x0 ../../lib/usb/libusb.a(usbhostcontroller.o)
 .data          0x000000000001f165        0x0 ../../lib/usb/libusb.a(usbrequest.o)
 .data          0x000000000001f165        0x0 ../../lib/usb/libusb.a(usbdevicefactory.o)
 *fill*         0x000000000001f165        0x3 
 .data          0x000000000001f168        0x4 ../../lib/usb/libusb.a(usbstandardhub.o)
                0x000000000001f168                CUSBStandardHub::s_nDeviceNumber
 .data          0x000000000001f16c        0x4 ../../lib/usb/libusb.a(usbmassdevice.o)
                0x000000000001f16c                CUSBBulkOnlyMassStorageDevice::s_nDeviceNumber
 .data          0x000000000001f170        0x0 ../../lib/usb/libusb.a(dwhciframeschednper.o)
 .data          0x000000000001f170        0x0 ../../lib/usb/libusb.a(dwhciframeschedper.o)
 .data          0x000000000001f170        0x4 ../../lib/usb/libusb.a(usbkeyboard.o)
                0x000000000001f170                CUSBKeyboardDevice::s_nDeviceNumber
 .data          0x000000000001f174        0x0 ../../lib/usb/libusb.a(dwhcirootport.o)
 .data          0x000000000001f174        0x0 ../../lib/usb/libusb.a(usbhiddevice.o)
 .data          0x000000000001f174        0x4 ../../lib/usb/libusb.a(usbmouse.o)
                0x000000000001f174                CUSBMouseDevice::s_nDeviceNumber
 .data          0x000000000001f178        0x0 ../../lib/usb/libusb.a(usbfunction.o)
 .data          0x000000000001f178        0x0 ../../lib/usb/libusb.a(dwhciframeschednsplit.o)
 .data          0x000000000001f178        0x4 ../../lib/usb/libusb.a(usbprinter.o)
                0x000000000001f178                CUSBPrinterDevice::s_nDeviceNumber
 .data          0x000000000001f17c        0x0 ../../lib/usb/libusb.a(usbconfigparser.o)
 .data          0x000000000001f17c        0x0 ../../lib/usb/libusb.a(smsc951x.o)
 .data          0x000000000001f17c        0x0 ../../lib/usb/libusb.a(macaddress.o)
 .data          0x000000000001f17c        0x0 ../../lib/usb/libusb.a(netdevice.o)
 .data          0x000000000001f17c        0x0 ../../lib/input/libinput.a(keyboardbehaviour.o)
 .data          0x000000000001f17c       0xcc ../../lib/input/libinput.a(keymap.o)
                0x000000000001f17c                CKeyMap::s_KeyStrings
 .data          0x000000000001f248        0x0 ../../lib/fs/fat/libfatfs.a(fatfs.o)
 .data          0x000000000001f248        0x0 ../../lib/fs/fat/libfatfs.a(fatcache.o)
 .data          0x000000000001f248        0x0 ../../lib/fs/fat/libfatfs.a(fatinfo.o)
 .data          0x000000000001f248        0x0 ../../lib/fs/fat/libfatfs.a(fat.o)
 .data          0x000000000001f248        0x0 ../../lib/fs/fat/libfatfs.a(fatdir.o)
 .data          0x000000000001f248        0x0 ../../lib/fs/libfs.a(partitionmanager.o)
 .data          0x000000000001f248        0x0 ../../lib/fs/libfs.a(partition.o)
 .data          0x000000000001f248        0x0 ../../lib/libcircle.a(actled.o)
 .data          0x000000000001f248       0x38 ../../lib/libcircle.a(alloc.o)
 .data          0x000000000001f280        0x0 ../../lib/libcircle.a(bcmpropertytags.o)
 .data          0x000000000001f280        0x0 ../../lib/libcircle.a(gpiopin.o)
 .data          0x000000000001f280        0x0 ../../lib/libcircle.a(libstub.o)
 .data          0x000000000001f280        0x0 ../../lib/libcircle.a(memio.o)
 .data          0x000000000001f280        0x0 ../../lib/libcircle.a(memory.o)
 .data          0x000000000001f280        0x0 ../../lib/libcircle.a(new.o)
 .data          0x000000000001f280        0x0 ../../lib/libcircle.a(purecall.o)
 .data          0x000000000001f280        0x0 ../../lib/libcircle.a(synchronize.o)
 .data          0x000000000001f280        0x0 ../../lib/libcircle.a(sysinit.o)
 .data          0x000000000001f280       0x30 ../../lib/libcircle.a(timer.o)
                0x000000000001f280                CTimer::s_pMonthName
 .data          0x000000000001f2b0        0x0 ../../lib/libcircle.a(util.o)
 .data          0x000000000001f2b0        0x0 ../../lib/libcircle.a(device.o)
 .data          0x000000000001f2b0        0x0 ../../lib/libcircle.a(koptions.o)
 .data          0x000000000001f2b0        0x0 ../../lib/libcircle.a(pagetable.o)
 .data          0x000000000001f2b0        0x0 ../../lib/libcircle.a(screen.o)
 .data          0x000000000001f2b0        0x0 ../../lib/libcircle.a(assert.o)
 .data          0x000000000001f2b0        0x0 ../../lib/libcircle.a(chargenerator.o)
 .data          0x000000000001f2b0        0x0 ../../lib/libcircle.a(debug.o)
 .data          0x000000000001f2b0        0x0 ../../lib/libcircle.a(devicenameservice.o)
 .data          0x000000000001f2b0        0x0 ../../lib/libcircle.a(logger.o)
 .data          0x000000000001f2b0        0x0 ../../lib/libcircle.a(serial.o)
 .data          0x000000000001f2b0        0x0 ../../lib/libcircle.a(string.o)
 .data          0x000000000001f2b0        0x0 ../../lib/libcircle.a(delayloop.o)
 .data          0x000000000001f2b0       0x10 ../../lib/libcircle.a(exceptionhandler.o)
                0x000000000001f2b0                CExceptionHandler::s_pExceptionName
 .data          0x000000000001f2c0        0x0 ../../lib/libcircle.a(exceptionstub.o)
 .data          0x000000000001f2c0        0x0 ../../lib/libcircle.a(interrupt.o)
 .data          0x000000000001f2c0        0x0 ../../lib/libcircle.a(gpiomanager.o)
 .data          0x000000000001f2c0        0x0 ../../lib/libcircle.a(bcmmailbox.o)
 .data          0x000000000001f2c0        0x0 ../../lib/libcircle.a(libhelper.o)
 .data          0x000000000001f2c0        0x0 ../../lib/libcircle.a(util_fast.o)
 .data          0x000000000001f2c0        0x0 ../../lib/libcircle.a(bcmframebuffer.o)
                0x000000000001f2c0                __bss_start = .

.igot.plt       0x000000000001f2c0        0x0
 .igot.plt      0x0000000000000000        0x0 ../../lib/startup.o

.bss            0x000000000001f2c0       0x54
 *(.bss*)
 .bss           0x000000000001f2c0        0x0 ../../lib/startup.o
 .bss           0x000000000001f2c0        0x0 main.o
 .bss           0x000000000001f2c0        0x8 kernel.o
                0x000000000001f2c0                values
                0x000000000001f2c4                times
 .bss           0x000000000001f2c8        0x0 ../../lib/usb/libusb.a(dwhcidevice.o)
 .bss           0x000000000001f2c8        0x0 ../../lib/usb/libusb.a(dwhciregister.o)
 .bss           0x000000000001f2c8        0x0 ../../lib/usb/libusb.a(dwhcixferstagedata.o)
 .bss           0x000000000001f2c8        0x0 ../../lib/usb/libusb.a(usbdevice.o)
 .bss           0x000000000001f2c8        0x0 ../../lib/usb/libusb.a(usbendpoint.o)
 .bss           0x000000000001f2c8        0x0 ../../lib/usb/libusb.a(usbhostcontroller.o)
 .bss           0x000000000001f2c8        0x0 ../../lib/usb/libusb.a(usbrequest.o)
 .bss           0x000000000001f2c8        0x0 ../../lib/usb/libusb.a(usbdevicefactory.o)
 .bss           0x000000000001f2c8        0x0 ../../lib/usb/libusb.a(usbstandardhub.o)
 .bss           0x000000000001f2c8        0x0 ../../lib/usb/libusb.a(usbmassdevice.o)
 .bss           0x000000000001f2c8        0x0 ../../lib/usb/libusb.a(dwhciframeschednper.o)
 .bss           0x000000000001f2c8        0x0 ../../lib/usb/libusb.a(dwhciframeschedper.o)
 .bss           0x000000000001f2c8        0x0 ../../lib/usb/libusb.a(usbkeyboard.o)
 .bss           0x000000000001f2c8        0x0 ../../lib/usb/libusb.a(dwhcirootport.o)
 .bss           0x000000000001f2c8        0x0 ../../lib/usb/libusb.a(usbhiddevice.o)
 .bss           0x000000000001f2c8        0x0 ../../lib/usb/libusb.a(usbmouse.o)
 .bss           0x000000000001f2c8        0x0 ../../lib/usb/libusb.a(usbfunction.o)
 .bss           0x000000000001f2c8        0x0 ../../lib/usb/libusb.a(dwhciframeschednsplit.o)
 .bss           0x000000000001f2c8        0x0 ../../lib/usb/libusb.a(usbprinter.o)
 .bss           0x000000000001f2c8        0x0 ../../lib/usb/libusb.a(usbconfigparser.o)
 .bss           0x000000000001f2c8        0x4 ../../lib/usb/libusb.a(smsc951x.o)
                0x000000000001f2c8                CSMSC951xDevice::s_nDeviceNumber
 .bss           0x000000000001f2cc        0x0 ../../lib/usb/libusb.a(macaddress.o)
 .bss           0x000000000001f2cc        0x0 ../../lib/usb/libusb.a(netdevice.o)
 .bss           0x000000000001f2cc        0x0 ../../lib/input/libinput.a(keyboardbehaviour.o)
 .bss           0x000000000001f2cc        0x0 ../../lib/input/libinput.a(keymap.o)
 .bss           0x000000000001f2cc        0x0 ../../lib/fs/fat/libfatfs.a(fatfs.o)
 .bss           0x000000000001f2cc        0x0 ../../lib/fs/fat/libfatfs.a(fatcache.o)
 .bss           0x000000000001f2cc        0x0 ../../lib/fs/fat/libfatfs.a(fatinfo.o)
 .bss           0x000000000001f2cc        0x0 ../../lib/fs/fat/libfatfs.a(fat.o)