Archive member included because of file (symbol)

../../lib/libcircle.a(actled.o)
                              kernel.o (CActLED::~CActLED())
../../lib/libcircle.a(bcmpropertytags.o)
                              ../../lib/libcircle.a(actled.o) (CBcmPropertyTags::CBcmPropertyTags())
../../lib/libcircle.a(gpiopin.o)
                              kernel.o (CGPIOPin::~CGPIOPin())
../../lib/libcircle.a(libstub.o)
                              kernel.o (__aeabi_uidiv)
../../lib/libcircle.a(memio.o)
                              ../../lib/libcircle.a(gpiopin.o) (read32)
../../lib/libcircle.a(memory.o)
                              kernel.o (CMemorySystem::~CMemorySystem())
../../lib/libcircle.a(new.o)  ../../lib/libcircle.a(actled.o) (operator new(unsigned int))
../../lib/libcircle.a(synchronize.o)
                              ../../lib/libcircle.a(gpiopin.o) (EnterCritical)
../../lib/libcircle.a(sysinit.o)
                              main.o (halt)
../../lib/libcircle.a(timer.o)
                              kernel.o (CTimer::CTimer(CInterruptSystem*))
../../lib/libcircle.a(util.o)
                              ../../lib/libcircle.a(bcmpropertytags.o) (memcpy)
../../lib/libcircle.a(koptions.o)
                              kernel.o (CKernelOptions::~CKernelOptions())
../../lib/libcircle.a(pagetable.o)
                              ../../lib/libcircle.a(memory.o) (CPageTable::CPageTable())
../../lib/libcircle.a(screen.o)
                              kernel.o (CScreenDevice::~CScreenDevice())
../../lib/libcircle.a(assert.o)
                              kernel.o (assertion_failed)
../../lib/libcircle.a(chargenerator.o)
                              ../../lib/libcircle.a(screen.o) (CCharGenerator::CCharGenerator())
../../lib/libcircle.a(debug.o)
                              ../../lib/libcircle.a(assert.o) (debug_stacktrace(unsigned int const*, char const*))
../../lib/libcircle.a(devicenameservice.o)
                              kernel.o (CDeviceNameService::CDeviceNameService())
../../lib/libcircle.a(logger.o)
                              kernel.o (CLogger::CLogger(unsigned int, CTimer*))
../../lib/libcircle.a(serial.o)
                              kernel.o (CSerialDevice::CSerialDevice())
../../lib/libcircle.a(string.o)
                              ../../lib/libcircle.a(assert.o) (CString::~CString())
../../lib/libcircle.a(delayloop.o)
                              ../../lib/libcircle.a(timer.o) (DelayLoop)
../../lib/libcircle.a(exceptionhandler.o)
                              kernel.o (CExceptionHandler::CExceptionHandler())
../../lib/libcircle.a(exceptionstub.o)
                              ../../lib/libcircle.a(exceptionhandler.o) (UndefinedInstructionStub)
../../lib/libcircle.a(interrupt.o)
                              kernel.o (CInterruptSystem::CInterruptSystem())
../../lib/libcircle.a(gpiomanager.o)
                              ../../lib/libcircle.a(gpiopin.o) (CGPIOManager::ConnectInterrupt(CGPIOPin*))
../../lib/libcircle.a(gpioclock.o)
                              kernel.o (CGPIOClock::CGPIOClock(TGPIOClock, TGPIOClockSource))
../../lib/libcircle.a(alloc.o)
                              ../../lib/libcircle.a(memory.o) (mem_init)
../../lib/libcircle.a(bcmmailbox.o)
                              ../../lib/libcircle.a(bcmpropertytags.o) (CBcmMailBox::CBcmMailBox(unsigned int))
../../lib/libcircle.a(libhelper.o)
                              ../../lib/libcircle.a(libstub.o) (Divide)
../../lib/libcircle.a(util_fast.o)
                              ../../lib/libcircle.a(screen.o) (memcpyblk)
../../lib/libcircle.a(bcmframebuffer.o)
                              ../../lib/libcircle.a(screen.o) (CBcmFrameBuffer::CBcmFrameBuffer(unsigned int, unsigned int, unsigned int))
../../lib/libcircle.a(device.o)
                              ../../lib/libcircle.a(screen.o) (CDevice::~CDevice())

Memory Configuration

Name             Origin             Length             Attributes
*default*        0x0000000000000000 0xffffffffffffffff

Linker script and memory map

                0x0000000000008000                . = 0x8000

.text           0x0000000000008000     0x66d8
 *(.text*)
 .text          0x0000000000008000       0x24 ../../lib/startup.o
                0x0000000000008000                _start
 .text          0x0000000000008024       0x60 main.o
                0x0000000000008024                main
 .text          0x0000000000008084      0x564 kernel.o
                0x0000000000008084                CKernel::CKernel()
                0x0000000000008084                CKernel::CKernel()
                0x00000000000081a4                CKernel::Initialize()
                0x000000000000823c                CKernel::Run()
                0x0000000000008558                CKernel::~CKernel()
                0x0000000000008558                CKernel::~CKernel()
 .text          0x00000000000085e8       0x84 sampler.o
                0x00000000000085e8                Sampler
 .text          0x000000000000866c      0x1b8 ../../lib/libcircle.a(actled.o)
                0x000000000000866c                CActLED::~CActLED()
                0x000000000000866c                CActLED::~CActLED()
                0x0000000000008680                CActLED::On()
                0x00000000000086a8                CActLED::Off()
                0x00000000000086d0                CActLED::CActLED()
                0x00000000000086d0                CActLED::CActLED()
                0x00000000000087c8                CActLED::Blink(unsigned int, unsigned int, unsigned int)
                0x0000000000008814                CActLED::Get()
 .text          0x0000000000008824      0x178 ../../lib/libcircle.a(bcmpropertytags.o)
                0x0000000000008824                CBcmPropertyTags::CBcmPropertyTags()
                0x0000000000008824                CBcmPropertyTags::CBcmPropertyTags()
                0x000000000000883c                CBcmPropertyTags::~CBcmPropertyTags()
                0x000000000000883c                CBcmPropertyTags::~CBcmPropertyTags()
                0x0000000000008850                CBcmPropertyTags::GetTag(unsigned int, void*, unsigned int, unsigned int)
 .text          0x000000000000899c      0xac0 ../../lib/libcircle.a(gpiopin.o)
                0x000000000000899c                CGPIOPin::~CGPIOPin()
                0x000000000000899c                CGPIOPin::~CGPIOPin()
                0x00000000000089c0                CGPIOPin::~CGPIOPin()
                0x00000000000089dc                CGPIOPin::Write(unsigned int)
                0x0000000000008a98                CGPIOPin::Read() const
                0x0000000000008b30                CGPIOPin::Invert()
                0x0000000000008b70                CGPIOPin::ConnectInterrupt(void (*)(void*), void*)
                0x0000000000008c44                CGPIOPin::DisconnectInterrupt()
                0x0000000000008cf4                CGPIOPin::EnableInterrupt(TGPIOInterrupt)
                0x0000000000008e3c                CGPIOPin::DisableInterrupt()
                0x0000000000008f2c                CGPIOPin::SetPullUpMode(unsigned int)
                0x000000000000900c                CGPIOPin::SetAlternateFunction(unsigned int)
                0x00000000000090e8                CGPIOPin::SetMode(TGPIOMode, int)
                0x0000000000009298                CGPIOPin::CGPIOPin(unsigned int, TGPIOMode, CGPIOManager*)
                0x0000000000009298                CGPIOPin::CGPIOPin(unsigned int, TGPIOMode, CGPIOManager*)
                0x0000000000009308                CGPIOPin::InterruptHandler()
                0x0000000000009398                CGPIOPin::DisableAllInterrupts(unsigned int)
 .text          0x000000000000945c       0x2c ../../lib/libcircle.a(libstub.o)
                0x000000000000945c                __aeabi_uidiv
                0x000000000000946c                __aeabi_uidivmod
 .text          0x0000000000009488       0x10 ../../lib/libcircle.a(memio.o)
                0x0000000000009488                read32
                0x0000000000009490                write32
 .text          0x0000000000009498      0x3a4 ../../lib/libcircle.a(memory.o)
                0x0000000000009498                CMemorySystem::~CMemorySystem()
                0x0000000000009498                CMemorySystem::~CMemorySystem()
                0x0000000000009518                CMemorySystem::GetMemSize() const
                0x0000000000009520                CMemorySystem::SetPageTable0(CPageTable*, unsigned int)
                0x0000000000009588                CMemorySystem::SetPageTable0(unsigned int, unsigned int)
                0x00000000000095dc                CMemorySystem::GetTTBR0() const
                0x000000000000960c                CMemorySystem::GetContextID() const
                0x000000000000963c                CMemorySystem::EnableMMU()
                0x0000000000009724                CMemorySystem::CMemorySystem(int)
                0x0000000000009724                CMemorySystem::CMemorySystem(int)
 .text          0x000000000000983c       0x40 ../../lib/libcircle.a(new.o)
                0x000000000000983c                operator new(unsigned int)
                0x0000000000009848                operator new[](unsigned int)
                0x0000000000009854                operator delete(void*)
                0x0000000000009868                operator delete[](void*)
 .text          0x000000000000987c       0xa4 ../../lib/libcircle.a(synchronize.o)
                0x000000000000987c                EnterCritical
                0x00000000000098bc                LeaveCritical
 .text          0x0000000000009920       0xfc ../../lib/libcircle.a(sysinit.o)
                0x0000000000009920                __aeabi_atexit
                0x0000000000009924                halt
                0x000000000000992c                reboot
                0x0000000000009964                sysinit
 .text          0x0000000000009a1c      0x884 ../../lib/libcircle.a(timer.o)
                0x0000000000009a1c                CTimer::CTimer(CInterruptSystem*)
                0x0000000000009a1c                CTimer::CTimer(CInterruptSystem*)
                0x0000000000009ab0                CTimer::~CTimer()
                0x0000000000009ab0                CTimer::~CTimer()
                0x0000000000009ac4                CTimer::SetTime(unsigned int)
                0x0000000000009af8                CTimer::GetClockTicks() const
                0x0000000000009b1c                CTimer::GetTicks() const
                0x0000000000009b24                CTimer::GetTime() const
                0x0000000000009b2c                CTimer::StartKernelTimer(unsigned int, void (*)(unsigned int, void*, void*), void*, void*)
                0x0000000000009c00                CTimer::CancelKernelTimer(unsigned int)
                0x0000000000009c5c                CTimer::PollKernelTimers()
                0x0000000000009d08                CTimer::InterruptHandler()
                0x0000000000009e08                CTimer::InterruptHandler(void*)
                0x0000000000009e38                CTimer::MsDelay(unsigned int)
                0x0000000000009e54                CTimer::usDelay(unsigned int)
                0x0000000000009e70                CTimer::TuneMsDelay()
                0x0000000000009f14                CTimer::Initialize()
                0x0000000000009fac                CTimer::SimpleusDelay(unsigned int)
                0x0000000000009ff4                CTimer::SimpleMsDelay(unsigned int)
                0x000000000000a010                CTimer::IsLeapYear(unsigned int)
                0x000000000000a064                CTimer::GetDaysOfMonth(unsigned int, unsigned int)
                0x000000000000a09c                CTimer::GetTimeString()
                0x000000000000a260                CTimer::Get()
 .text          0x000000000000a2a0      0x3dc ../../lib/libcircle.a(util.o)
                0x000000000000a2a0                memset
                0x000000000000a2c0                memcpy
                0x000000000000a2e4                memcmp
                0x000000000000a364                strlen
                0x000000000000a394                strcmp
                0x000000000000a44c                strcpy
                0x000000000000a480                strncpy
                0x000000000000a4d4                strcat
                0x000000000000a528                strchr
                0x000000000000a574                strtok_r
                0x000000000000a64c                char2int
                0x000000000000a650                le2be16
                0x000000000000a660                le2be32
 .text          0x000000000000a67c      0x3c4 ../../lib/libcircle.a(koptions.o)
                0x000000000000a67c                CKernelOptions::~CKernelOptions()
                0x000000000000a67c                CKernelOptions::~CKernelOptions()
                0x000000000000a690                CKernelOptions::GetWidth() const
                0x000000000000a698                CKernelOptions::GetHeight() const
                0x000000000000a6a0                CKernelOptions::GetLogDevice() const
                0x000000000000a6ac                CKernelOptions::GetLogLevel() const
                0x000000000000a6b4                CKernelOptions::GetUSBPowerDelay() const
                0x000000000000a6bc                CKernelOptions::Get()
                0x000000000000a6cc                CKernelOptions::GetToken()
                0x000000000000a76c                CKernelOptions::GetOptionValue(char*)
                0x000000000000a7c4                CKernelOptions::GetDecimal(char*)
                0x000000000000a85c                CKernelOptions::CKernelOptions()
                0x000000000000a85c                CKernelOptions::CKernelOptions()
 .text          0x000000000000aa40      0x1b8 ../../lib/libcircle.a(pagetable.o)
                0x000000000000aa40                CPageTable::CPageTable()
                0x000000000000aa40                CPageTable::CPageTable()
                0x000000000000aac4                CPageTable::CPageTable(unsigned int)
                0x000000000000aac4                CPageTable::CPageTable(unsigned int)
                0x000000000000abc0                CPageTable::~CPageTable()
                0x000000000000abc0                CPageTable::~CPageTable()
                0x000000000000abec                CPageTable::GetBaseAddress() const
 .text          0x000000000000abf8      0xfa8 ../../lib/libcircle.a(screen.o)
                0x000000000000abf8                CScreenDevice::~CScreenDevice()
                0x000000000000abf8                CScreenDevice::~CScreenDevice()
                0x000000000000ac6c                CScreenDevice::~CScreenDevice()
                0x000000000000ac88                CScreenDevice::CScreenDevice(unsigned int, unsigned int, int)
                0x000000000000ac88                CScreenDevice::CScreenDevice(unsigned int, unsigned int, int)
                0x000000000000acf8                CScreenDevice::GetWidth() const
                0x000000000000ad00                CScreenDevice::GetHeight() const
                0x000000000000ad08                CScreenDevice::GetStatus()
                0x000000000000ad5c                CScreenDevice::SetStatus(TScreenStatus)
                0x000000000000ae30                CScreenDevice::CarriageReturn()
                0x000000000000ae3c                CScreenDevice::CursorHome()
                0x000000000000ae4c                CScreenDevice::CursorLeft()
                0x000000000000aeb4                CScreenDevice::CursorMove(unsigned int, unsigned int)
                0x000000000000af08                CScreenDevice::CursorUp()
                0x000000000000af40                CScreenDevice::DeleteChars(unsigned int)
                0x000000000000af44                CScreenDevice::DeleteLines(unsigned int)
                0x000000000000af48                CScreenDevice::InsertLines(unsigned int)
                0x000000000000af4c                CScreenDevice::InsertMode(int)
                0x000000000000af54                CScreenDevice::ReverseScroll()
                0x000000000000af58                CScreenDevice::SetCursorMode(int)
                0x000000000000af60                CScreenDevice::SetStandoutMode(unsigned int)
                0x000000000000b000                CScreenDevice::Scroll()
                0x000000000000b060                CScreenDevice::CursorDown()
                0x000000000000b0ac                CScreenDevice::NewLine()
                0x000000000000b0c0                CScreenDevice::CursorRight()
                0x000000000000b0f4                CScreenDevice::Tabulator()
                0x000000000000b138                CScreenDevice::SetPixel(unsigned int, unsigned int, unsigned char)
                0x000000000000b164                CScreenDevice::DisplayChar(char, unsigned int, unsigned int, unsigned char)
                0x000000000000b208                CScreenDevice::DisplayChar(char)
                0x000000000000b248                CScreenDevice::EraseChar(unsigned int, unsigned int)
                0x000000000000b2b0                CScreenDevice::ClearLineEnd()
                0x000000000000b2f8                CScreenDevice::ClearDisplayEnd()
                0x000000000000b33c                CScreenDevice::EraseChars(unsigned int)
                0x000000000000b3a4                CScreenDevice::Write(char)
                0x000000000000b874                CScreenDevice::GetPixel(unsigned int, unsigned int)
                0x000000000000b8ac                CScreenDevice::InvertCursor()
                0x000000000000b944                CScreenDevice::Initialize()
                0x000000000000bab8                CScreenDevice::Write(void const*, unsigned int)
                0x000000000000bb44                CScreenDevice::Rotor(unsigned int, unsigned int)
 .text          0x000000000000bba0       0x88 ../../lib/libcircle.a(assert.o)
                0x000000000000bba0                assertion_failed
 .text          0x000000000000bc28       0xa4 ../../lib/libcircle.a(chargenerator.o)
                0x000000000000bc28                CCharGenerator::CCharGenerator()
                0x000000000000bc28                CCharGenerator::CCharGenerator()
                0x000000000000bc34                CCharGenerator::~CCharGenerator()
                0x000000000000bc34                CCharGenerator::~CCharGenerator()
                0x000000000000bc38                CCharGenerator::GetCharWidth() const
                0x000000000000bc40                CCharGenerator::GetCharHeight() const
                0x000000000000bc48                CCharGenerator::GetUnderline() const
                0x000000000000bc50                CCharGenerator::GetPixel(char, unsigned int, unsigned int) const
 .text          0x000000000000bccc      0x198 ../../lib/libcircle.a(debug.o)
                0x000000000000bccc                debug_hexdump(void const*, unsigned int, char const*)
                0x000000000000bddc                debug_stacktrace(unsigned int const*, char const*)
 .text          0x000000000000be64      0x2ec ../../lib/libcircle.a(devicenameservice.o)
                0x000000000000be64                CDeviceNameService::CDeviceNameService()
                0x000000000000be64                CDeviceNameService::CDeviceNameService()
                0x000000000000beb4                CDeviceNameService::~CDeviceNameService()
                0x000000000000beb4                CDeviceNameService::~CDeviceNameService()
                0x000000000000bf20                CDeviceNameService::AddDevice(char const*, CDevice*, int)
                0x000000000000c008                CDeviceNameService::GetDevice(char const*, int)
                0x000000000000c114                CDeviceNameService::Get()
 .text          0x000000000000c150      0x3a8 ../../lib/libcircle.a(logger.o)
                0x000000000000c150                CLogger::CLogger(unsigned int, CTimer*)
                0x000000000000c150                CLogger::CLogger(unsigned int, CTimer*)
                0x000000000000c19c                CLogger::~CLogger()
                0x000000000000c19c                CLogger::~CLogger()
                0x000000000000c1d0                CLogger::Get()
                0x000000000000c1e0                CLogger::Write(char const*)
                0x000000000000c294                CLogger::Read(void*, unsigned int)
                0x000000000000c348                CLogger::WriteV(char const*, TLogSeverity, char const*, std::__va_list)
                0x000000000000c4a0                CLogger::Write(char const*, TLogSeverity, char const*, ...)
                0x000000000000c4d0                CLogger::Initialize(CDevice*)
 .text          0x000000000000c4f8      0x350 ../../lib/libcircle.a(serial.o)
                0x000000000000c4f8                CSerialDevice::CSerialDevice()
                0x000000000000c4f8                CSerialDevice::CSerialDevice()
                0x000000000000c548                CSerialDevice::Initialize(unsigned int)
                0x000000000000c6e4                CSerialDevice::Write(unsigned char)
                0x000000000000c718                CSerialDevice::Write(void const*, unsigned int)
                0x000000000000c7c4                CSerialDevice::~CSerialDevice()
                0x000000000000c7c4                CSerialDevice::~CSerialDevice()
                0x000000000000c82c                CSerialDevice::~CSerialDevice()
 .text          0x000000000000c848      0x868 ../../lib/libcircle.a(string.o)
                0x000000000000c848                CString::~CString()
                0x000000000000c848                CString::~CString()
                0x000000000000c87c                CString::~CString()
                0x000000000000c898                CString::CString()
                0x000000000000c898                CString::CString()
                0x000000000000c8b4                CString::CString(char const*)
                0x000000000000c8b4                CString::CString(char const*)
                0x000000000000c8f4                CString::operator char const*() const
                0x000000000000c90c                CString::operator=(char const*)
                0x000000000000c950                CString::GetLength() const
                0x000000000000c970                CString::Append(char const*)
                0x000000000000c9fc                CString::Compare(char const*) const
                0x000000000000ca0c                CString::Find(char) const
                0x000000000000ca64                CString::ReserveSpace(unsigned long)
                0x000000000000cadc                CString::PutChar(char, unsigned long)
                0x000000000000cb20                CString::PutString(char const*)
                0x000000000000cb60                CString::ntoa(char*, unsigned long, unsigned int, int)
                0x000000000000cc2c                CString::FormatV(char const*, std::__va_list)
                0x000000000000d084                CString::Format(char const*, ...)
 .text          0x000000000000d0b0       0x10 ../../lib/libcircle.a(delayloop.o)
                0x000000000000d0b0                DelayLoop
 .text          0x000000000000d0c0      0x244 ../../lib/libcircle.a(exceptionhandler.o)
                0x000000000000d0c0                CExceptionHandler::CExceptionHandler()
                0x000000000000d0c0                CExceptionHandler::CExceptionHandler()
                0x000000000000d168                CExceptionHandler::~CExceptionHandler()
                0x000000000000d168                CExceptionHandler::~CExceptionHandler()
                0x000000000000d17c                CExceptionHandler::Throw(unsigned int)
                0x000000000000d1bc                CExceptionHandler::Throw(unsigned int, TAbortFrame*)
                0x000000000000d2a0                CExceptionHandler::Get()
                0x000000000000d2dc                ExceptionHandler
 .text          0x000000000000d304       0xd0 ../../lib/libcircle.a(exceptionstub.o)
                0x000000000000d304                UndefinedInstructionStub
                0x000000000000d344                PrefetchAbortStub
                0x000000000000d384                DataAbortStub
                0x000000000000d3c4                IRQStub
 .text          0x000000000000d3d4      0x46c ../../lib/libcircle.a(interrupt.o)
                0x000000000000d3d4                CInterruptSystem::CInterruptSystem()
                0x000000000000d3d4                CInterruptSystem::CInterruptSystem()
                0x000000000000d404                CInterruptSystem::~CInterruptSystem()
                0x000000000000d404                CInterruptSystem::~CInterruptSystem()
                0x000000000000d418                CInterruptSystem::Initialize()
                0x000000000000d4f4                CInterruptSystem::EnableIRQ(unsigned int)
                0x000000000000d56c                CInterruptSystem::ConnectIRQ(unsigned int, void (*)(void*), void*)
                0x000000000000d5d8                CInterruptSystem::DisableIRQ(unsigned int)
                0x000000000000d650                CInterruptSystem::DisconnectIRQ(unsigned int)
                0x000000000000d6b8                CInterruptSystem::Get()
                0x000000000000d6f4                CInterruptSystem::CallIRQHandler(unsigned int)
                0x000000000000d750                CInterruptSystem::InterruptHandler()
                0x000000000000d824                InterruptHandler
 .text          0x000000000000d840      0x374 ../../lib/libcircle.a(gpiomanager.o)
                0x000000000000d840                CGPIOManager::CGPIOManager(CInterruptSystem*)
                0x000000000000d840                CGPIOManager::CGPIOManager(CInterruptSystem*)
                0x000000000000d868                CGPIOManager::~CGPIOManager()
                0x000000000000d868                CGPIOManager::~CGPIOManager()
                0x000000000000d8fc                CGPIOManager::Initialize()
                0x000000000000d96c                CGPIOManager::ConnectInterrupt(CGPIOPin*)
                0x000000000000da04                CGPIOManager::DisconnectInterrupt(CGPIOPin*)
                0x000000000000daa0                CGPIOManager::InterruptHandler()
                0x000000000000db84                CGPIOManager::InterruptStub(void*)
 .text          0x000000000000dbb4      0x1ac ../../lib/libcircle.a(gpioclock.o)
                0x000000000000dbb4                CGPIOClock::CGPIOClock(TGPIOClock, TGPIOClockSource)
                0x000000000000dbb4                CGPIOClock::CGPIOClock(TGPIOClock, TGPIOClockSource)
                0x000000000000dc0c                CGPIOClock::Stop()
                0x000000000000dc58                CGPIOClock::~CGPIOClock()
                0x000000000000dc58                CGPIOClock::~CGPIOClock()
                0x000000000000dc6c                CGPIOClock::Start(unsigned int, unsigned int, unsigned int)
 .text          0x000000000000dd60      0x4f4 ../../lib/libcircle.a(alloc.o)
                0x000000000000dd60                mem_init
                0x000000000000dda4                mem_get_size
                0x000000000000ddcc                malloc
                0x000000000000dfb0                free
                0x000000000000e0d8                palloc
                0x000000000000e1d0                pfree
 .text          0x000000000000e254      0x15c ../../lib/libcircle.a(bcmmailbox.o)
                0x000000000000e254                CBcmMailBox::CBcmMailBox(unsigned int)
                0x000000000000e254                CBcmMailBox::CBcmMailBox(unsigned int)
                0x000000000000e264                CBcmMailBox::~CBcmMailBox()
                0x000000000000e264                CBcmMailBox::~CBcmMailBox()
                0x000000000000e268                CBcmMailBox::Flush()
                0x000000000000e2a8                CBcmMailBox::Read()
                0x000000000000e2f0                CBcmMailBox::Write(unsigned int)
                0x000000000000e34c                CBcmMailBox::WriteRead(unsigned int)
 .text          0x000000000000e3b0       0xcc ../../lib/libcircle.a(libhelper.o)
                0x000000000000e3b0                Divide
 .text          0x000000000000e47c       0x20 ../../lib/libcircle.a(util_fast.o)
                0x000000000000e47c                memcpyblk
 .text          0x000000000000e49c      0x1e4 ../../lib/libcircle.a(bcmframebuffer.o)
                0x000000000000e49c                CBcmFrameBuffer::CBcmFrameBuffer(unsigned int, unsigned int, unsigned int)
                0x000000000000e49c                CBcmFrameBuffer::CBcmFrameBuffer(unsigned int, unsigned int, unsigned int)
                0x000000000000e5a4                CBcmFrameBuffer::~CBcmFrameBuffer()
                0x000000000000e5a4                CBcmFrameBuffer::~CBcmFrameBuffer()
                0x000000000000e5cc                CBcmFrameBuffer::SetPalette(unsigned char, unsigned short)
                0x000000000000e5e8                CBcmFrameBuffer::Initialize()
                0x000000000000e638                CBcmFrameBuffer::GetWidth() const
                0x000000000000e644                CBcmFrameBuffer::GetHeight() const
                0x000000000000e650                CBcmFrameBuffer::GetPitch() const
                0x000000000000e65c                CBcmFrameBuffer::GetDepth() const
                0x000000000000e668                CBcmFrameBuffer::GetBuffer() const
                0x000000000000e674                CBcmFrameBuffer::GetSize() const
 .text          0x000000000000e680       0x58 ../../lib/libcircle.a(device.o)
                0x000000000000e680                CDevice::~CDevice()
                0x000000000000e680                CDevice::~CDevice()
                0x000000000000e690                CDevice::Read(void*, unsigned int)
                0x000000000000e698                CDevice::Write(void const*, unsigned int)
                0x000000000000e6a0                CDevice::Seek(unsigned long long)
                0x000000000000e6ac                CDevice::~CDevice()
                0x000000000000e6c8                CDevice::CDevice()
                0x000000000000e6c8                CDevice::CDevice()
                0x000000000000e6d8                _etext = .

.glue_7         0x000000000000e6d8        0x0
 .glue_7        0x0000000000000000        0x0 linker stubs

.glue_7t        0x000000000000e6d8        0x0
 .glue_7t       0x0000000000000000        0x0 linker stubs

.vfp11_veneer   0x000000000000e6d8        0x0
 .vfp11_veneer  0x0000000000000000        0x0 linker stubs

.v4_bx          0x000000000000e6d8        0x0
 .v4_bx         0x0000000000000000        0x0 linker stubs

.iplt           0x000000000000e6d8        0x0
 .iplt          0x0000000000000000        0x0 ../../lib/startup.o

.rodata         0x000000000000e6d8     0x1990
 *(.rodata*)
 .rodata        0x000000000000e6d8        0x8 kernel.o
 .rodata.str1.4
                0x000000000000e6e0       0xe5 kernel.o
                                         0xe8 (size before relaxing)
 *fill*         0x000000000000e7c5        0x3 
 .rodata.str1.4
                0x000000000000e7c8       0x5f ../../lib/libcircle.a(bcmpropertytags.o)
                                         0x60 (size before relaxing)
 *fill*         0x000000000000e827        0x1 
 .rodata        0x000000000000e828       0x28 ../../lib/libcircle.a(gpiopin.o)
                0x000000000000e828                vtable for CGPIOPin
 .rodata.str1.4
                0x000000000000e850      0x1cd ../../lib/libcircle.a(gpiopin.o)
                                        0x1d0 (size before relaxing)
 *fill*         0x000000000000ea1d        0x3 
 .rodata.str1.4
                0x000000000000ea20       0x94 ../../lib/libcircle.a(memory.o)
 .rodata.str1.4
                0x000000000000eab4       0x28 ../../lib/libcircle.a(synchronize.o)
 .rodata        0x000000000000eadc       0x30 ../../lib/libcircle.a(timer.o)
                0x000000000000eadc                CTimer::s_nDaysOfMonth
 .rodata.str1.4
                0x000000000000eb0c      0x12c ../../lib/libcircle.a(timer.o)
                                        0x13c (size before relaxing)
 .rodata.str1.4
                0x000000000000ec38       0x3a ../../lib/libcircle.a(koptions.o)
                                         0x3c (size before relaxing)
 *fill*         0x000000000000ec72        0x2 
 .rodata.str1.4
                0x000000000000ec74       0x3e ../../lib/libcircle.a(pagetable.o)
                                         0x40 (size before relaxing)
 *fill*         0x000000000000ecb2        0x6 
 .rodata        0x000000000000ecb8       0x28 ../../lib/libcircle.a(screen.o)
                0x000000000000ecb8                vtable for CScreenDevice
 .rodata.str1.4
                0x0000000000000000        0x8 ../../lib/libcircle.a(screen.o)
 .rodata.str1.4
                0x000000000000ece0       0x1d ../../lib/libcircle.a(assert.o)
                                         0x20 (size before relaxing)
 *fill*         0x000000000000ecfd        0x3 
 .rodata        0x000000000000ed00      0xdf0 ../../lib/libcircle.a(chargenerator.o)
 .rodata.str1.4
                0x000000000000faf0       0x2a ../../lib/libcircle.a(chargenerator.o)
                                         0x2c (size before relaxing)
 *fill*         0x000000000000fb1a        0x2 
 .rodata        0x000000000000fb1c        0x8 ../../lib/libcircle.a(debug.o)
 .rodata.str1.4
                0x000000000000fb24       0x8e ../../lib/libcircle.a(debug.o)
                                         0x90 (size before relaxing)
 *fill*         0x000000000000fbb2        0x2 
 .rodata.str1.4
                0x000000000000fbb4       0x7c ../../lib/libcircle.a(devicenameservice.o)
 .rodata.str1.4
                0x000000000000fc30       0x34 ../../lib/libcircle.a(logger.o)
 *fill*         0x000000000000fc64        0x4 
 .rodata        0x000000000000fc68       0x20 ../../lib/libcircle.a(serial.o)
                0x000000000000fc68                vtable for CSerialDevice
 .rodata.str1.4
                0x000000000000fc88       0x6f ../../lib/libcircle.a(serial.o)
                                         0x70 (size before relaxing)
 *fill*         0x000000000000fcf7        0x1 
 .rodata        0x000000000000fcf8       0x10 ../../lib/libcircle.a(string.o)
                0x000000000000fcf8                vtable for CString
 .rodata.str1.4
                0x0000000000000000       0x6f ../../lib/libcircle.a(string.o)
                                          0x4 (size before relaxing)
 .rodata        0x000000000000fd08        0x8 ../../lib/libcircle.a(exceptionhandler.o)
 .rodata.str1.4
                0x000000000000fd10       0xbb ../../lib/libcircle.a(exceptionhandler.o)
                                         0xdc (size before relaxing)
 *fill*         0x000000000000fdcb        0x1 
 .rodata.str1.4
                0x000000000000fdcc       0x5a ../../lib/libcircle.a(interrupt.o)
                                         0x6c (size before relaxing)
 *fill*         0x000000000000fe26        0x2 
 .rodata.str1.4
                0x000000000000fe28       0x88 ../../lib/libcircle.a(gpiomanager.o)
                                         0x9c (size before relaxing)
 .rodata        0x000000000000feb0       0x10 ../../lib/libcircle.a(gpioclock.o)
 .rodata.str1.4
                0x000000000000fec0       0x8e ../../lib/libcircle.a(gpioclock.o)
                                         0x90 (size before relaxing)
 *fill*         0x000000000000ff4e        0x2 
 .rodata.str1.4
                0x000000000000ff50       0xbf ../../lib/libcircle.a(alloc.o)
                                         0xc0 (size before relaxing)
 *fill*         0x000000000001000f        0x1 
 .rodata.str1.4
                0x0000000000010010       0x23 ../../lib/libcircle.a(bcmmailbox.o)
                                         0x24 (size before relaxing)
 *fill*         0x0000000000010033        0x1 
 .rodata.str1.4
                0x0000000000010034       0x10 ../../lib/libcircle.a(libhelper.o)
                                         0x14 (size before relaxing)
 *fill*         0x0000000000010044        0x4 
 .rodata        0x0000000000010048       0x20 ../../lib/libcircle.a(device.o)
                0x0000000000010048                vtable for CDevice
                0x0000000000010068                __init_start = .

.rel.dyn        0x0000000000010068        0x0
 .rel.iplt      0x0000000000000000        0x0 ../../lib/startup.o

.init_array     0x0000000000010068        0x8
 *(.init_array*)
 .init_array    0x0000000000010068        0x4 ../../lib/libcircle.a(gpiopin.o)
 .init_array    0x000000000001006c        0x4 ../../lib/libcircle.a(alloc.o)
                0x0000000000010070                __init_end = .

.data           0x0000000000010070       0x78
 *(.data*)
 .data          0x0000000000010070        0x0 ../../lib/startup.o
 .data          0x0000000000010070        0x0 main.o
 .data          0x0000000000010070        0x0 kernel.o
 .data          0x0000000000010070        0x0 sampler.o
 .data          0x0000000000010070        0x0 ../../lib/libcircle.a(actled.o)
 .data          0x0000000000010070        0x0 ../../lib/libcircle.a(bcmpropertytags.o)
 .data          0x0000000000010070        0x0 ../../lib/libcircle.a(gpiopin.o)
 .data          0x0000000000010070        0x0 ../../lib/libcircle.a(libstub.o)
 .data          0x0000000000010070        0x0 ../../lib/libcircle.a(memio.o)
 .data          0x0000000000010070        0x0 ../../lib/libcircle.a(memory.o)
 .data          0x0000000000010070        0x0 ../../lib/libcircle.a(new.o)
 .data          0x0000000000010070        0x0 ../../lib/libcircle.a(synchronize.o)
 .data          0x0000000000010070        0x0 ../../lib/libcircle.a(sysinit.o)
 .data          0x0000000000010070       0x30 ../../lib/libcircle.a(timer.o)
                0x0000000000010070                CTimer::s_pMonthName
 .data          0x00000000000100a0        0x0 ../../lib/libcircle.a(util.o)
 .data          0x00000000000100a0        0x0 ../../lib/libcircle.a(koptions.o)
 .data          0x00000000000100a0        0x0 ../../lib/libcircle.a(pagetable.o)
 .data          0x00000000000100a0        0x0 ../../lib/libcircle.a(screen.o)
 .data          0x00000000000100a0        0x0 ../../lib/libcircle.a(assert.o)
 .data          0x00000000000100a0        0x0 ../../lib/libcircle.a(chargenerator.o)
 .data          0x00000000000100a0        0x0 ../../lib/libcircle.a(debug.o)
 .data          0x00000000000100a0        0x0 ../../lib/libcircle.a(devicenameservice.o)
 .data          0x00000000000100a0        0x0 ../../lib/libcircle.a(logger.o)
 .data          0x00000000000100a0        0x0 ../../lib/libcircle.a(serial.o)
 .data          0x00000000000100a0        0x0 ../../lib/libcircle.a(string.o)
 .data          0x00000000000100a0        0x0 ../../lib/libcircle.a(delayloop.o)
 .data          0x00000000000100a0       0x10 ../../lib/libcircle.a(exceptionhandler.o)
                0x00000000000100a0                CExceptionHandler::s_pExceptionName
 .data          0x00000000000100b0        0x0 ../../lib/libcircle.a(exceptionstub.o)
 .data          0x00000000000100b0        0x0 ../../lib/libcircle.a(interrupt.o)
 .data          0x00000000000100b0        0x0 ../../lib/libcircle.a(gpiomanager.o)
 .data          0x00000000000100b0        0x0 ../../lib/libcircle.a(gpioclock.o)
 .data          0x00000000000100b0       0x38 ../../lib/libcircle.a(alloc.o)
 .data          0x00000000000100e8        0x0 ../../lib/libcircle.a(bcmmailbox.o)
 .data          0x00000000000100e8        0x0 ../../lib/libcircle.a(libhelper.o)
 .data          0x00000000000100e8        0x0 ../../lib/libcircle.a(util_fast.o)
 .data          0x00000000000100e8        0x0 ../../lib/libcircle.a(bcmframebuffer.o)
 .data          0x00000000000100e8        0x0 ../../lib/libcircle.a(device.o)
                0x00000000000100e8                __bss_start = .

.igot.plt       0x00000000000100e8        0x0
 .igot.plt      0x0000000000000000        0x0 ../../lib/startup.o

.bss            0x00000000000100e8       0x48
 *(.bss*)
 .bss           0x00000000000100e8        0x0 ../../lib/startup.o
 .bss           0x00000000000100e8        0x0 main.o
 .bss           0x00000000000100e8        0x0 kernel.o
 .bss           0x00000000000100e8        0x0 sampler.o
 .bss           0x00000000000100e8        0x4 ../../lib/libcircle.a(actled.o)
                0x00000000000100e8                CActLED::s_pThis
 .bss           0x00000000000100ec        0x0 ../../lib/libcircle.a(bcmpropertytags.o)
 .bss           0x00000000000100ec        0x4 ../../lib/libcircle.a(gpiopin.o)
                0x00000000000100ec                CGPIOPin::s_SpinLock
 .bss           0x00000000000100f0        0x0 ../../lib/libcircle.a(libstub.o)
 .bss           0x00000000000100f0        0x0 ../../lib/libcircle.a(memio.o)
 .bss           0x00000000000100f0        0x0 ../../lib/libcircle.a(memory.o)
 .bss           0x00000000000100f0        0x0 ../../lib/libcircle.a(new.o)
 .bss           0x00000000000100f0        0x8 ../../lib/libcircle.a(synchronize.o)
 .bss           0x00000000000100f8        0x4 ../../lib/libcircle.a(sysinit.o)
                0x00000000000100f8                __dso_handle
 .bss           0x00000000000100fc        0x4 ../../lib/libcircle.a(timer.o)
                0x00000000000100fc                CTimer::s_pThis
 .bss           0x0000000000010100        0x0 ../../lib/libcircle.a(util.o)
 .bss           0x0000000000010100        0x4 ../../lib/libcircle.a(koptions.o)
                0x0000000000010100                CKernelOptions::s_pThis
 .bss           0x0000000000010104        0x0 ../../lib/libcircle.a(pagetable.o)
 .bss           0x0000000000010104        0x0 ../../lib/libcircle.a(screen.o)
 .bss           0x0000000000010104        0x0 ../../lib/libcircle.a(assert.o)
 .bss           0x0000000000010104        0x0 ../../lib/libcircle.a(chargenerator.o)
 .bss           0x0000000000010104        0x0 ../../lib/libcircle.a(debug.o)
 .bss           0x0000000000010104        0x4 ../../lib/libcircle.a(devicenameservice.o)
                0x0000000000010104                CDeviceNameService::s_This
 .bss           0x0000000000010108        0x4 ../../lib/libcircle.a(logger.o)
                0x0000000000010108                CLogger::s_pThis
 .bss           0x000000000001010c        0x0 ../../lib/libcircle.a(serial.o)
 .bss           0x000000000001010c        0x0 ../../lib/libcircle.a(string.o)
 .bss           0x000000000001010c        0x0 ../../lib/libcircle.a(delayloop.o)
 .bss           0x000000000001010c        0x4 ../../lib/libcircle.a(exceptionhandler.o)
                0x000000000001010c                CExceptionHandler::s_pThis
 .bss           0x0000000000010110        0x0 ../../lib/libcircle.a(exceptionstub.o)
 .bss           0x0000000000010110        0x4 ../../lib/libcircle.a(interrupt.o)
                0x0000000000010110                CInterruptSystem::s_pThis
 .bss           0x0000000000010114        0x0 ../../lib/libcircle.a(gpiomanager.o)
 .bss           0x0000000000010114        0x0 ../../lib/libcircle.a(gpioclock.o)
 .bss           0x0000000000010114       0x1c ../../lib/libcircle.a(alloc.o)
 .bss           0x0000000000010130        0x0 ../../lib/libcircle.a(bcmmailbox.o)
 .bss           0x0000000000010130        0x0 ../../lib/libcircle.a(libhelper.o)
 .bss           0x0000000000010130        0x0 ../../lib/libcircle.a(util_fast.o)
 .bss           0x0000000000010130        0x0 ../../lib/libcircle.a(bcmframebuffer.o)
 .bss           0x0000000000010130        0x0 ../../lib/libcircle.a(device.o)
                0x0000000000010130                _end = .
LOAD ../../lib/startup.o
LOAD main.o
LOAD kernel.o
LOAD sampler.o
LOAD ../../lib/libcircle.a
OUTPUT(kernel.elf elf32-littlearm)

.ARM.attributes
                0x0000000000000000       0x2e
 .ARM.attributes
                0x0000000000000000       0x1a ../../lib/startup.o
 .ARM.attributes
                0x000000000000001a       0x32 main.o
 .ARM.attributes
                0x000000000000004c       0x32 kernel.o
 .ARM.attributes
                0x000000000000007e       0x1a sampler.o
 .ARM.attributes
                0x0000000000000098       0x32 ../../lib/libcircle.a(actled.o)
 .ARM.attributes
                0x00000000000000ca       0x32 ../../lib/libcircle.a(bcmpropertytags.o)
 .ARM.attributes
                0x00000000000000fc       0x32 ../../lib/libcircle.a(gpiopin.o)
 .ARM.attributes
                0x000000000000012e       0x1a ../../lib/libcircle.a(libstub.o)
 .ARM.attributes
                0x0000000000000148       0x32 ../../lib/libcircle.a(memio.o)
 .ARM.attributes
                0x000000000000017a       0x32 ../../lib/libcircle.a(memory.o)
 .ARM.attributes
                0x00000000000001ac       0x32 ../../lib/libcircle.a(new.o)
 .ARM.attributes
                0x00000000000001de       0x32 ../../lib/libcircle.a(synchronize.o)
 .ARM.attributes
                0x0000000000000210       0x32 ../../lib/libcircle.a(sysinit.o)
 .ARM.attributes
                0x0000000000000242       0x32 ../../lib/libcircle.a(timer.o)
 .ARM.attributes
                0x0000000000000274       0x32 ../../lib/libcircle.a(util.o)
 .ARM.attributes
                0x00000000000002a6       0x32 ../../lib/libcircle.a(koptions.o)
 .ARM.attributes
                0x00000000000002d8       0x32 ../../lib/libcircle.a(pagetable.o)
 .ARM.attributes
                0x000000000000030a       0x32 ../../lib/libcircle.a(screen.o)
 .ARM.attributes
                0x000000000000033c       0x32 ../../lib/libcircle.a(assert.o)
 .ARM.attributes
                0x000000000000036e       0x32 ../../lib/libcircle.a(chargenerator.o)
 .ARM.attributes
                0x00000000000003a0       0x32 ../../lib/libcircle.a(debug.o)
 .ARM.attributes
                0x00000000000003d2       0x32 ../../lib/libcircle.a(devicenameservice.o)
 .ARM.attributes
                0x0000000000000404       0x32 ../../lib/libcircle.a(logger.o)
 .ARM.attributes
                0x0000000000000436       0x32 ../../lib/libcircle.a(serial.o)
 .ARM.attributes
                0x0000000000000468       0x32 ../../lib/libcircle.a(string.o)
 .ARM.attributes
                0x000000000000049a       0x1a ../../lib/libcircle.a(delayloop.o)
 .ARM.attributes
                0x00000000000004b4       0x32 ../../lib/libcircle.a(exceptionhandler.o)
 .ARM.attributes
                0x00000000000004e6       0x1a ../../lib/libcircle.a(exceptionstub.o)
 .ARM.attributes
                0x0000000000000500       0x32 ../../lib/libcircle.a(interrupt.o)
 .ARM.attributes
                0x0000000000000532       0x32 ../../lib/libcircle.a(gpiomanager.o)
 .ARM.attributes
                0x0000000000000564       0x32 ../../lib/libcircle.a(gpioclock.o)
 .ARM.attributes
                0x0000000000000596       0x32 ../../lib/libcircle.a(alloc.o)
 .ARM.attributes
                0x00000000000005c8       0x32 ../../lib/libcircle.a(bcmmailbox.o)
 .ARM.attributes
                0x00000000000005fa       0x32 ../../lib/libcircle.a(libhelper.o)
 .ARM.attributes
                0x000000000000062c       0x1a ../../lib/libcircle.a(util_fast.o)
 .ARM.attributes
                0x0000000000000646       0x32 ../../lib/libcircle.a(bcmframebuffer.o)
 .ARM.attributes
                0x0000000000000678       0x32 ../../lib/libcircle.a(device.o)

.comment        0x0000000000000000       0x1f
 .comment       0x0000000000000000       0x1f main.o
                                         0x20 (size before relaxing)
 .comment       0x0000000000000000       0x20 kernel.o
 .comment       0x0000000000000000       0x20 ../../lib/libcircle.a(actled.o)
 .comment       0x0000000000000000       0x20 ../../lib/libcircle.a(bcmpropertytags.o)
 .comment       0x0000000000000000       0x20 ../../lib/libcircle.a(gpiopin.o)
 .comment       0x0000000000000000       0x20 ../../lib/libcircle.a(memio.o)
 .comment       0x0000000000000000       0x20 ../../lib/libcircle.a(memory.o)
 .comment       0x0000000000000000       0x20 ../../lib/libcircle.a(new.o)
 .comment       0x0000000000000000       0x20 ../../lib/libcircle.a(synchronize.o)
 .comment       0x0000000000000000       0x20 ../../lib/libcircle.a(sysinit.o)
 .comment       0x0000000000000000       0x20 ../../lib/libcircle.a(timer.o)
 .comment       0x0000000000000000       0x20 ../../lib/libcircle.a(util.o)
 .comment       0x0000000000000000       0x20 ../../lib/libcircle.a(koptions.o)
 .comment       0x0000000000000000       0x20 ../../lib/libcircle.a(pagetable.o)
 .comment       0x0000000000000000       0x20 ../../lib/libcircle.a(screen.o)
 .comment       0x0000000000000000       0x20 ../../lib/libcircle.a(assert.o)
 .comment       0x0000000000000000       0x20 ../../lib/libcircle.a(chargenerator.o)
 .comment       0x0000000000000000       0x20 ../../lib/libcircle.a(debug.o)
 .comment       0x0000000000000000       0x20 ../../lib/libcircle.a(devicenameservice.o)
 .comment       0x0000000000000000       0x20 ../../lib/libcircle.a(logger.o)
 .comment       0x0000000000000000       0x20 ../../lib/libcircle.a(serial.o)
 .comment       0x0000000000000000       0x20 ../../lib/libcircle.a(string.o)
 .comment       0x0000000000000000       0x20 ../../lib/libcircle.a(exceptionhandler.o)
 .comment       0x0000000000000000       0x20 ../../lib/libcircle.a(interrupt.o)
 .comment       0x0000000000000000       0x20 ../../lib/libcircle.a(gpiomanager.o)
 .comment       0x0000000000000000       0x20 ../../lib/libcircle.a(gpioclock.o)
 .comment       0x0000000000000000       0x20 ../../lib/libcircle.a(alloc.o)
 .comment       0x0000000000000000       0x20 ../../lib/libcircle.a(bcmmailbox.o)
 .comment       0x0000000000000000       0x20 ../../lib/libcircle.a(libhelper.o)
 .comment       0x0000000000000000       0x20 ../../lib/libcircle.a(bcmframebuffer.o)
 .comment       0x0000000000000000       0x20 ../../lib/libcircle.a(device.o)
